Archive member included because of file (symbol)

./../Libraries/WiFi/TI/../BCDS_Customization/debug/libWifiLib_efm32_debug.a(netapp.o)
                              C:/XDK-Workbench/workspace/Bosch-XDK-Portal/debug/objects/paho/XDK/mqttXDK.o (sl_NetAppDnsGetHostByName)
./../Libraries/WiFi/TI/../BCDS_Customization/debug/libWifiLib_efm32_debug.a(netcfg.o)
                              C:/XDK-Workbench/workspace/Bosch-XDK-Portal/debug/objects/bxpWifi.o (sl_NetCfgGet)
./../Libraries/WiFi/TI/../BCDS_Customization/debug/libWifiLib_efm32_debug.a(socket.o)
                              C:/XDK-Workbench/workspace/Bosch-XDK-Portal/debug/objects/paho/XDK/mqttXDK.o (sl_Socket)
./../Libraries/WiFi/TI/../BCDS_Customization/debug/libWifiLib_efm32_debug.a(driver.o)
                              ./../Libraries/WiFi/TI/../BCDS_Customization/debug/libWifiLib_efm32_debug.a(netapp.o) (_SlDrvProtectAsyncRespSetting)
./../Libraries/WiFi/TI/../BCDS_Customization/debug/libWifiLib_efm32_debug.a(device.o)
                              ./../Libraries/WiFi/TI/../BCDS_Customization/debug/libWifiLib_efm32_debug.a(driver.o) (_sl_HandleAsync_Stop)
./../Platform/Wlan/debug/libWlan_efm32_debug.a(NetworkConfig.o)
                              ./../Libraries/WiFi/TI/../BCDS_Customization/debug/libWifiLib_efm32_debug.a(driver.o) (NetworkConfig_SlNetAppEvtHdlr)
./../Platform/Wlan/debug/libWlan_efm32_debug.a(WlanConnect.o)
                              ./../Libraries/WiFi/TI/../BCDS_Customization/debug/libWifiLib_efm32_debug.a(driver.o) (WlanConnect_SlGeneralEventHdlr)
./../Platform/Wlan/debug/libWlan_efm32_debug.a(WlanDriver.o)
                              ./../Platform/Wlan/debug/libWlan_efm32_debug.a(WlanConnect.o) (WlanDriver_Init)
./../Platform/ServalPAL_WiFi/release/libServalPalWifi_efm32.a(PAL_ip_cc.o)
                              C:/XDK-Workbench/workspace/Bosch-XDK-Portal/debug/objects/bxpWifi.o (Ip_convertAddrToString)
./../Platform/MiscDrivers/debug/libMiscDrivers_efm32_debug.a(SDCardDriver.o)
                              C:/XDK-Workbench/workspace/Bosch-XDK-Portal/debug/objects/bxpConfig.o (SDCardDriver_Disconnect)
./../Platform/Sensors/debug/libSensors_efm32_debug.a(Environmental.o)
                              C:/XDK-Workbench/workspace/Bosch-XDK-Portal/debug/objects/bxpSensor.o (Environmental_init)
./../Platform/Sensors/debug/libSensors_efm32_debug.a(Gyroscope.o)
                              C:/XDK-Workbench/workspace/Bosch-XDK-Portal/debug/objects/bxpSensor.o (Gyroscope_init)
./../Platform/Sensors/debug/libSensors_efm32_debug.a(Accelerometer.o)
                              C:/XDK-Workbench/workspace/Bosch-XDK-Portal/debug/objects/bxpSensor.o (Accelerometer_init)
./../Platform/Sensors/debug/libSensors_efm32_debug.a(LightSensor.o)
                              C:/XDK-Workbench/workspace/Bosch-XDK-Portal/debug/objects/bxpSensor.o (LightSensor_init)
./../Platform/Sensors/debug/libSensors_efm32_debug.a(Magnetometer.o)
                              C:/XDK-Workbench/workspace/Bosch-XDK-Portal/debug/objects/bxpSensor.o (Magnetometer_init)
./../Platform/SensorUtils/debug/libSensorUtils_efm32_debug.a(Bma280Utils.o)
                              ./../Platform/Sensors/debug/libSensors_efm32_debug.a(Accelerometer.o) (Bma280Utils_initialize)
./../Platform/SensorUtils/debug/libSensorUtils_efm32_debug.a(AxisRemap.o)
                              ./../Platform/SensorUtils/debug/libSensorUtils_efm32_debug.a(Bma280Utils.o) (AxisRemap_remapSensorData)
./../Platform/SensorUtils/debug/libSensorUtils_efm32_debug.a(Bmi160Utils.o)
                              ./../Platform/Sensors/debug/libSensors_efm32_debug.a(Gyroscope.o) (Bmi160Utils_initialize)
./../Platform/SensorUtils/debug/libSensorUtils_efm32_debug.a(Bmg160Utils.o)
                              ./../Platform/Sensors/debug/libSensors_efm32_debug.a(Gyroscope.o) (Bmg160Utils_initialize)
./../Platform/SensorUtils/debug/libSensorUtils_efm32_debug.a(Bme280Utils.o)
                              ./../Platform/Sensors/debug/libSensors_efm32_debug.a(Environmental.o) (Bme280Utils_initialize)
./../Platform/SensorUtils/debug/libSensorUtils_efm32_debug.a(Bmm150Utils.o)
                              ./../Platform/Sensors/debug/libSensors_efm32_debug.a(Magnetometer.o) (Bmm150Utils_initialize)
./../Platform/SensorUtils/debug/libSensorUtils_efm32_debug.a(Max44009Utils.o)
                              ./../Platform/Sensors/debug/libSensors_efm32_debug.a(LightSensor.o) (Max44009Utils_initialize)
./../Libraries/FreeRTOS/FreeRTOS/../BCDS_Customization/debug/libFreeRTOS_efm32_debug.a(queue.o)
                              ./../Platform/Wlan/debug/libWlan_efm32_debug.a(WlanDriver.o) (xQueueGenericCreate)
./../Libraries/FreeRTOS/FreeRTOS/../BCDS_Customization/debug/libFreeRTOS_efm32_debug.a(tasks.o)
                              C:/XDK-Workbench/workspace/Bosch-XDK-Portal/debug/objects/bxpMqttClient.o (xTaskGenericCreate)
[...]
Memory Configuration

Name             Origin             Length             Attributes
FLASH            0x00010000         0x000f0000         xr
RAM              0x20000000         0x00020000         xrw
*default*        0x00000000         0xffffffff

Linker script and memory map

LOAD c:/xdk-workbench/armgcc/bin/../lib/gcc/arm-none-eabi/4.7.4/armv7-m/crti.o
LOAD c:/xdk-workbench/armgcc/bin/../lib/gcc/arm-none-eabi/4.7.4/armv7-m/crtbegin.o
LOAD c:/xdk-workbench/armgcc/bin/../lib/gcc/arm-none-eabi/4.7.4/../../../../arm-none-eabi/lib/armv7-m/crt0.o
LOAD C:/XDK-Workbench/workspace/Bosch-XDK-Portal/debug/objects/./../Platform/Utils/source/RSM_retargetStdioMessage/retargetio.o
LOAD C:/XDK-Workbench/workspace/Bosch-XDK-Portal/debug/objects/./../Libraries/EMlib/EMLib/usb/src/em_usbdint.o
LOAD C:/XDK-Workbench/workspace/Bosch-XDK-Portal/debug/objects/main.o
LOAD C:/XDK-Workbench/workspace/Bosch-XDK-Portal/debug/objects/bxpSensor.o
LOAD C:/XDK-Workbench/workspace/Bosch-XDK-Portal/debug/objects/bxpMqttClient.o
LOAD C:/XDK-Workbench/workspace/Bosch-XDK-Portal/debug/objects/bxpInit.o
LOAD C:/XDK-Workbench/workspace/Bosch-XDK-Portal/debug/objects/bxpWifi.o
LOAD C:/XDK-Workbench/workspace/Bosch-XDK-Portal/debug/objects/bxpConfig.o
LOAD C:/XDK-Workbench/workspace/Bosch-XDK-Portal/debug/objects/jsmn/jsmn.o
LOAD C:/XDK-Workbench/workspace/Bosch-XDK-Portal/debug/objects/paho/XDK/mqttXDK.o
LOAD C:/XDK-Workbench/workspace/Bosch-XDK-Portal/debug/objects/paho/MQTTClient.o
LOAD C:/XDK-Workbench/workspace/Bosch-XDK-Portal/debug/objects/paho/MQTTConnectClient.o
LOAD C:/XDK-Workbench/workspace/Bosch-XDK-Portal/debug/objects/paho/MQTTConnectServer.o
LOAD C:/XDK-Workbench/workspace/Bosch-XDK-Portal/debug/objects/paho/MQTTDeserializePublish.o
LOAD C:/XDK-Workbench/workspace/Bosch-XDK-Portal/debug/objects/paho/MQTTFormat.o
LOAD C:/XDK-Workbench/workspace/Bosch-XDK-Portal/debug/objects/paho/MQTTPacket.o
LOAD C:/XDK-Workbench/workspace/Bosch-XDK-Portal/debug/objects/paho/MQTTSerializePublish.o
LOAD C:/XDK-Workbench/workspace/Bosch-XDK-Portal/debug/objects/paho/MQTTSubscribeClient.o
LOAD C:/XDK-Workbench/workspace/Bosch-XDK-Portal/debug/objects/paho/MQTTSubscribeServer.o
LOAD C:/XDK-Workbench/workspace/Bosch-XDK-Portal/debug/objects/paho/MQTTUnsubscribeClient.o
LOAD C:/XDK-Workbench/workspace/Bosch-XDK-Portal/debug/objects/paho/MQTTUnsubscribeServer.o
LOAD C:/XDK-Workbench/workspace/Bosch-XDK-Portal/debug/objects/startup_efm32gg.o
START GROUP
LOAD ./../Platform/SensorToolbox/release/libSensorToolbox.a
LOAD ./../Libraries/WiFi/TI/../BCDS_Customization/debug/libWifiLib_efm32_debug.a
LOAD ./../Platform/Wlan/debug/libWlan_efm32_debug.a
LOAD ./../Libraries/ServalStack/BCDS_Customization/release/libServalStack_efm32.a
LOAD ./../Platform/ServalPAL_WiFi/release/libServalPalWifi_efm32.a
LOAD ./../Platform/MiscDrivers/debug/libMiscDrivers_efm32_debug.a
LOAD ./../Platform/BLE/debug/libBLE_efm32_debug.a
LOAD ./../Platform/Sensors/debug/libSensors_efm32_debug.a
LOAD ./../Platform/SensorUtils/debug/libSensorUtils_efm32_debug.a
LOAD ./../Libraries/FreeRTOS/FreeRTOS/../BCDS_Customization/debug/libFreeRTOS_efm32_debug.a
LOAD ./../Platform/Peripherals/debug/libPeripherals_efm32_debug.a
LOAD ./../Libraries/EMlib/EMLib/../BCDS_Customization/debug/libEMLib_efm32_debug.a
LOAD ./../Libraries/BSTLib/BST_Github/../BCDS_Customization/debug/libBSTLib_efm32_debug.a
LOAD ../Common/debug/XDKCommon_efm32_debug.a
LOAD ./../Platform/Utils/debug/libUtils_efm32_debug.a
LOAD ./../Platform/Basics/debug/libBasics_efm32_debug.a
LOAD ./../Platform/SensorDrivers/debug/libSensorDrivers_efm32_debug.a
LOAD ./../Platform/Power/debug/libPOWER_efm32_debug.a
LOAD ./../Platform/SensorDrivers/debug/libSensorDrivers_efm32_debug.a
LOAD ./../Libraries/FATfs/BCDS_Customization/debug/libFATfs_efm32_debug.a
LOAD ./../Platform/FOTA/debug/libFOTA_efm32_debug.a
LOAD ./../Libraries/Escrypt_CycurTLS/CycurTLS/src/cycurlib/../../../BCDS_Customization/release/libCYCURTLS_efm32.a
LOAD ./../Libraries/BLEStack/Alpwise/Core_Stack/Libraries/BLESW_CoreStack_CM3.a
LOAD ./../Libraries/BLEStack/Alpwise/Service/Data_Exchange_Service/Libraries/BLESW_ALPWDEP_Server_CM3.a
LOAD ./../Libraries/BLEStack/Alpwise/Core_Stack/Libraries/BLESW_ALPWDES_CM3.a
LOAD ./../Libraries/BLEStack/Alpwise/Service/BLESW_AlertNotification/Libraries/BLESW_ANP_Server_CM3.a
LOAD ./../Libraries/BLEStack/Alpwise/Core_Stack/Libraries/BLESW_ANS_CM3.a
LOAD ./../Libraries/BLEStack/Alpwise/Service/BLESW_BloodPressure/Libraries/BLESW_BLP_Sensor_CM3.a
LOAD ./../Libraries/BLEStack/Alpwise/Core_Stack/Libraries/BLESW_BLS_CM3.a
LOAD ./../Libraries/BLEStack/Alpwise/Service/BLESW_CyclingPower/Libraries/BLESW_CPP_Sensor_CM3.a
LOAD ./../Libraries/BLEStack/Alpwise/Core_Stack/Libraries/BLESW_CPS_CM3.a
LOAD ./../Libraries/BLEStack/Alpwise/Service/BLESW_CyclingSpeedAndCadence/Libraries/BLESW_CSCP_Sensor_CM3.a
LOAD ./../Libraries/BLEStack/Alpwise/Core_Stack/Libraries/BLESW_CSCS_CM3.a
LOAD ./../Libraries/BLEStack/Alpwise/Service/BLESW_Glucose/Libraries/BLESW_GLP_Sensor_CM3.a
LOAD ./../Libraries/BLEStack/Alpwise/Core_Stack/Libraries/BLESW_GLS_CM3.a
LOAD ./../Libraries/BLEStack/Alpwise/Service/BLESW_HealthThermometer/Libraries/BLESW_HTP_Thermometer_CM3.a
LOAD ./../Libraries/BLEStack/Alpwise/Core_Stack/Libraries/BLESW_HTS_CM3.a
LOAD ./../Libraries/BLEStack/Alpwise/Service/BLESW_HeartRate/Libraries/BLESW_HRP_Sensor_CM3.a
LOAD ./../Libraries/BLEStack/Alpwise/Core_Stack/Libraries/BLESW_HRS_CM3.a
LOAD ./../Libraries/BLEStack/Alpwise/Service/BLESW_HumanInterfaceDevice/Libraries/BLESW_HID_Host_CM3.a
LOAD ./../Libraries/BLEStack/Alpwise/Core_Stack/Libraries/BLESW_HIDS_CM3.a
LOAD ./../Libraries/BLEStack/Alpwise/Service/BLESW_LocationAndNavigation/Libraries/BLESW_LNP_Sensor_CM3.a
LOAD ./../Libraries/BLEStack/Alpwise/Core_Stack/Libraries/BLESW_LNS_CM3.a
LOAD ./../Libraries/BLEStack/Alpwise/Service/BLESW_NetworkAvailability/Libraries/BLESW_NWAP_Reporter_CM3.a
LOAD ./../Libraries/BLEStack/Alpwise/Core_Stack/Libraries/BLESW_NWAS_CM3.a
LOAD ./../Libraries/BLEStack/Alpwise/Service/BLESW_PhoneAlertStatus/Libraries/BLESW_PASP_Server_CM3.a
LOAD ./../Libraries/BLEStack/Alpwise/Core_Stack/Libraries/BLESW_PASS_CM3.a
LOAD ./../Libraries/BLEStack/Alpwise/Service/BLESW_RunningSpeedAndCadence/Libraries/BLESW_RSCP_Sensor_CM3.a
LOAD ./../Libraries/BLEStack/Alpwise/Core_Stack/Libraries/BLESW_RSCS_CM3.a
LOAD ./../Libraries/EMlib/EMLib/CMSIS/Lib/GCC/libarm_cortexM3l_math.a
END GROUP
START GROUP
LOAD c:/xdk-workbench/armgcc/bin/../lib/gcc/arm-none-eabi/4.7.4/armv7-m\libgcc.a
LOAD c:/xdk-workbench/armgcc/bin/../lib/gcc/arm-none-eabi/4.7.4/../../../../arm-none-eabi/lib/armv7-m\libc.a
LOAD c:/xdk-workbench/armgcc/bin/../lib/gcc/arm-none-eabi/4.7.4/../../../../arm-none-eabi/lib/armv7-m\libm.a
END GROUP
START GROUP
LOAD c:/xdk-workbench/armgcc/bin/../lib/gcc/arm-none-eabi/4.7.4/armv7-m\libgcc.a
LOAD c:/xdk-workbench/armgcc/bin/../lib/gcc/arm-none-eabi/4.7.4/../../../../arm-none-eabi/lib/armv7-m\libc.a
END GROUP
LOAD c:/xdk-workbench/armgcc/bin/../lib/gcc/arm-none-eabi/4.7.4/armv7-m/crtend.o
LOAD c:/xdk-workbench/armgcc/bin/../lib/gcc/arm-none-eabi/4.7.4/armv7-m/crtn.o

.text           0x00010000    0x3177c
 *(.isr_vector)
 .isr_vector    0x00010000      0x100 C:/XDK-Workbench/workspace/Bosch-XDK-Portal/debug/objects/startup_efm32gg.o
                0x00010000                __isr_vector
 *(.text*)
 .text          0x00010100       0x54 c:/xdk-workbench/armgcc/bin/../lib/gcc/arm-none-eabi/4.7.4/armv7-m/crtbegin.o
 .text          0x00010154       0x70 c:/xdk-workbench/armgcc/bin/../lib/gcc/arm-none-eabi/4.7.4/../../../../arm-none-eabi/lib/armv7-m/crt0.o
                0x00010154                start
                0x00010154                _mainCRTStartup
                0x00010154                _start
 .text._close   0x000101c4       0x18 C:/XDK-Workbench/workspace/Bosch-XDK-Portal/debug/objects/./../Platform/Utils/source/RSM_retargetStdioMessage/retargetio.o
                0x000101c4                _close
 .text._exit    0x000101dc        0xc C:/XDK-Workbench/workspace/Bosch-XDK-Portal/debug/objects/./../Platform/Utils/source/RSM_retargetStdioMessage/retargetio.o
                0x000101dc                _exit
 .text._fstat   0x000101e8       0x24 C:/XDK-Workbench/workspace/Bosch-XDK-Portal/debug/objects/./../Platform/Utils/source/RSM_retargetStdioMessage/retargetio.o
                0x000101e8                _fstat
 .text._isatty  0x0001020c       0x18 C:/XDK-Workbench/workspace/Bosch-XDK-Portal/debug/objects/./../Platform/Utils/source/RSM_retargetStdioMessage/retargetio.o
                0x0001020c                _isatty
 .text._lseek   0x00010224       0x1c C:/XDK-Workbench/workspace/Bosch-XDK-Portal/debug/objects/./../Platform/Utils/source/RSM_retargetStdioMessage/retargetio.o
                0x00010224                _lseek
 .text._read    0x00010240       0x70 C:/XDK-Workbench/workspace/Bosch-XDK-Portal/debug/objects/./../Platform/Utils/source/RSM_retargetStdioMessage/retargetio.o
                0x00010240                _read
 .text._sbrk    0x000102b0       0xa0 C:/XDK-Workbench/workspace/Bosch-XDK-Portal/debug/objects/./../Platform/Utils/source/RSM_retargetStdioMessage/retargetio.o
                0x000102b0                _sbrk
 .text._write   0x00010350       0x20 C:/XDK-Workbench/workspace/Bosch-XDK-Portal/debug/objects/./../Platform/Utils/source/RSM_retargetStdioMessage/retargetio.o
                0x00010350                _write
 .text.INT_Disable
                0x00010370       0x40 C:/XDK-Workbench/workspace/Bosch-XDK-Portal/debug/objects/./../Libraries/EMlib/EMLib/usb/src/em_usbdint.o
 .text.INT_Enable
                0x000103b0       0x54 C:/XDK-Workbench/workspace/Bosch-XDK-Portal/debug/objects/./../Libraries/EMlib/EMLib/usb/src/em_usbdint.o
 .text.USBHAL_FlushTxFifo
                0x00010404       0x4c C:/XDK-Workbench/workspace/Bosch-XDK-Portal/debug/objects/./../Libraries/EMlib/EMLib/usb/src/em_usbdint.o
 .text.USBHAL_GetCoreInts
                0x00010450       0x40 C:/XDK-Workbench/workspace/Bosch-XDK-Portal/debug/objects/./../Libraries/EMlib/EMLib/usb/src/em_usbdint.o
 .text.USBDHAL_EnableInts
                0x00010490       0x70 C:/XDK-Workbench/workspace/Bosch-XDK-Portal/debug/objects/./../Libraries/EMlib/EMLib/usb/src/em_usbdint.o
 .text.USBDHAL_Ep0Activate
                0x00010500       0x70 C:/XDK-Workbench/workspace/Bosch-XDK-Portal/debug/objects/./../Libraries/EMlib/EMLib/usb/src/em_usbdint.o
 .text.USBDHAL_GetAllInEpInts
                0x00010570       0x48 C:/XDK-Workbench/workspace/Bosch-XDK-Portal/debug/objects/./../Libraries/EMlib/EMLib/usb/src/em_usbdint.o
 .text.USBDHAL_GetAllOutEpInts
                0x000105b8       0x44 C:/XDK-Workbench/workspace/Bosch-XDK-Portal/debug/objects/./../Libraries/EMlib/EMLib/usb/src/em_usbdint.o
 .text.USBDHAL_GetInEpInts
                0x000105fc       0x44 C:/XDK-Workbench/workspace/Bosch-XDK-Portal/debug/objects/./../Libraries/EMlib/EMLib/usb/src/em_usbdint.o
 .text.USBDHAL_GetOutEpInts
                0x00010640       0x44 C:/XDK-Workbench/workspace/Bosch-XDK-Portal/debug/objects/./../Libraries/EMlib/EMLib/usb/src/em_usbdint.o
 .text.USBDHAL_StartEp0Setup
                0x00010684       0x88 C:/XDK-Workbench/workspace/Bosch-XDK-Portal/debug/objects/./../Libraries/EMlib/EMLib/usb/src/em_usbdint.o
 .text.USBD_GetEpFromAddr
                0x0001070c       0xa0 C:/XDK-Workbench/workspace/Bosch-XDK-Portal/debug/objects/./../Libraries/EMlib/EMLib/usb/src/em_usbdint.o
 .text.USB_IRQHandler
                0x000107ac      0x16c C:/XDK-Workbench/workspace/Bosch-XDK-Portal/debug/objects/./../Libraries/EMlib/EMLib/usb/src/em_usbdint.o
                0x000107ac                USB_IRQHandler
 .text.Handle_USB_GINTSTS_ENUMDONE
                0x00010918       0x3c C:/XDK-Workbench/workspace/Bosch-XDK-Portal/debug/objects/./../Libraries/EMlib/EMLib/usb/src/em_usbdint.o
 .text.Handle_USB_GINTSTS_IEPINT
                0x00010954      0x118 C:/XDK-Workbench/workspace/Bosch-XDK-Portal/debug/objects/./../Libraries/EMlib/EMLib/usb/src/em_usbdint.o
 .text.Handle_USB_GINTSTS_OEPINT
                0x00010a6c      0x230 C:/XDK-Workbench/workspace/Bosch-XDK-Portal/debug/objects/./../Libraries/EMlib/EMLib/usb/src/em_usbdint.o
 .text.Handle_USB_GINTSTS_RESETDET
                0x00010c9c       0x40 C:/XDK-Workbench/workspace/Bosch-XDK-Portal/debug/objects/./../Libraries/EMlib/EMLib/usb/src/em_usbdint.o
 .text.Handle_USB_GINTSTS_SOF
                0x00010cdc       0x64 C:/XDK-Workbench/workspace/Bosch-XDK-Portal/debug/objects/./../Libraries/EMlib/EMLib/usb/src/em_usbdint.o
 .text.Handle_USB_GINTSTS_USBRST
                0x00010d40      0x150 C:/XDK-Workbench/workspace/Bosch-XDK-Portal/debug/objects/./../Libraries/EMlib/EMLib/usb/src/em_usbdint.o
 .text.Handle_USB_GINTSTS_USBSUSP
                0x00010e90       0x68 C:/XDK-Workbench/workspace/Bosch-XDK-Portal/debug/objects/./../Libraries/EMlib/EMLib/usb/src/em_usbdint.o
 .text.Handle_USB_GINTSTS_WKUPINT
                0x00010ef8       0x30 C:/XDK-Workbench/workspace/Bosch-XDK-Portal/debug/objects/./../Libraries/EMlib/EMLib/usb/src/em_usbdint.o
 .text.main     0x00010f28       0x10 C:/XDK-Workbench/workspace/Bosch-XDK-Portal/debug/objects/main.o
                0x00010f28                main
 .text.sensorInitializeAccel
                0x00010f38       0x3c C:/XDK-Workbench/workspace/Bosch-XDK-Portal/debug/objects/bxpSensor.o
 .text.sensorInitializeGyro
                0x00010f74       0x3c C:/XDK-Workbench/workspace/Bosch-XDK-Portal/debug/objects/bxpSensor.o
 .text.sensorInitializeMag
                0x00010fb0       0x5c C:/XDK-Workbench/workspace/Bosch-XDK-Portal/debug/objects/bxpSensor.o
 .text.sensorInitializeLight
                0x0001100c       0x5c C:/XDK-Workbench/workspace/Bosch-XDK-Portal/debug/objects/bxpSensor.o
 .text.sensorInitializeEnv
                0x00011068       0x3c C:/XDK-Workbench/workspace/Bosch-XDK-Portal/debug/objects/bxpSensor.o
 .text.sensorPostInitLightSensor
                0x000110a4       0x30 C:/XDK-Workbench/workspace/Bosch-XDK-Portal/debug/objects/bxpSensor.o
 .text.sensorPostInitMagSensor
                0x000110d4       0x30 C:/XDK-Workbench/workspace/Bosch-XDK-Portal/debug/objects/bxpSensor.o
 .text.sensorAvgAccel
                0x00011104      0x358 C:/XDK-Workbench/workspace/Bosch-XDK-Portal/debug/objects/bxpSensor.o
 .text.sensorAvgGyro
                0x0001145c      0x358 C:/XDK-Workbench/workspace/Bosch-XDK-Portal/debug/objects/bxpSensor.o
 .text.sensorAvgMag
                0x000117b4      0x354 C:/XDK-Workbench/workspace/Bosch-XDK-Portal/debug/objects/bxpSensor.o
 .text.sensorAvgLight
                0x00011b08      0x130 C:/XDK-Workbench/workspace/Bosch-XDK-Portal/debug/objects/bxpSensor.o
 .text.sensorAvgEnv
                0x00011c38      0x35c C:/XDK-Workbench/workspace/Bosch-XDK-Portal/debug/objects/bxpSensor.o
 .text.Sensor_sendStreamDataTimerHandler
                0x00011f94      0xba0 C:/XDK-Workbench/workspace/Bosch-XDK-Portal/debug/objects/bxpSensor.o
                0x00011f94                Sensor_sendStreamDataTimerHandler
 .text.Sensor_sendReportData
                0x00012b34     0x1690 C:/XDK-Workbench/workspace/Bosch-XDK-Portal/debug/objects/bxpSensor.o
                0x00012b34                Sensor_sendReportData
 .text.Sensor_sendConfigDataTimerHandler
                0x000141c4      0x418 C:/XDK-Workbench/workspace/Bosch-XDK-Portal/debug/objects/bxpSensor.o
                0x000141c4                Sensor_sendConfigDataTimerHandler
 .text.Sensor_resetReportData
                0x000145dc      0x3a8 C:/XDK-Workbench/workspace/Bosch-XDK-Portal/debug/objects/bxpSensor.o
                0x000145dc                Sensor_resetReportData
 .text.Sensor_init
                0x00014984       0x80 C:/XDK-Workbench/workspace/Bosch-XDK-Portal/debug/objects/bxpSensor.o
                0x00014984                Sensor_init
 .text.GPIO_PinOutClear
                0x00014a04       0x4c C:/XDK-Workbench/workspace/Bosch-XDK-Portal/debug/objects/bxpMqttClient.o
 .text.GPIO_PinOutSet
                0x00014a50       0x4c C:/XDK-Workbench/workspace/Bosch-XDK-Portal/debug/objects/bxpMqttClient.o
 .text.clientUpdateTimerPeriod
                0x00014a9c      0x174 C:/XDK-Workbench/workspace/Bosch-XDK-Portal/debug/objects/bxpMqttClient.o
 .text.clientReconfigure
                0x00014c10       0xb4 C:/XDK-Workbench/workspace/Bosch-XDK-Portal/debug/objects/bxpMqttClient.o
 .text.clientRecv
                0x00014cc4       0xa8 C:/XDK-Workbench/workspace/Bosch-XDK-Portal/debug/objects/bxpMqttClient.o
 .text.clientTask
                0x00014d6c      0x250 C:/XDK-Workbench/workspace/Bosch-XDK-Portal/debug/objects/bxpMqttClient.o
 .text.clientStartTimer
                0x00014fbc       0x5c C:/XDK-Workbench/workspace/Bosch-XDK-Portal/debug/objects/bxpMqttClient.o
                0x00014fbc                clientStartTimer
 .text.clientStopTimer
                0x00015018       0x50 C:/XDK-Workbench/workspace/Bosch-XDK-Portal/debug/objects/bxpMqttClient.o
                0x00015018                clientStopTimer
 .text.clientInit
                0x00015068      0x344 C:/XDK-Workbench/workspace/Bosch-XDK-Portal/debug/objects/bxpMqttClient.o
                0x00015068                clientInit
 .text.clientDeinit
                0x000153ac       0x4c C:/XDK-Workbench/workspace/Bosch-XDK-Portal/debug/objects/bxpMqttClient.o
                0x000153ac                clientDeinit
 .text.GPIO_PinOutClear
                0x000153f8       0x4c C:/XDK-Workbench/workspace/Bosch-XDK-Portal/debug/objects/bxpInit.o
 .text.GPIO_PinOutSet
                0x00015444       0x4c C:/XDK-Workbench/workspace/Bosch-XDK-Portal/debug/objects/bxpInit.o
 .text.bisInit  0x00015490       0x54 C:/XDK-Workbench/workspace/Bosch-XDK-Portal/debug/objects/bxpInit.o
                0x00015490                bisInit
 .text.appInitSystem
                0x000154e4       0x38 C:/XDK-Workbench/workspace/Bosch-XDK-Portal/debug/objects/bxpInit.o
                0x000154e4                appInitSystem
 .text.wifiInit
                0x0001551c      0x300 C:/XDK-Workbench/workspace/Bosch-XDK-Portal/debug/objects/bxpWifi.o
                0x0001551c                wifiInit
 .text.GPIO_PinOutClear
                0x0001581c       0x4c C:/XDK-Workbench/workspace/Bosch-XDK-Portal/debug/objects/bxpConfig.o
 .text.cfgJsonTokenParser
                0x00015868      0x1f4 C:/XDK-Workbench/workspace/Bosch-XDK-Portal/debug/objects/bxpConfig.o
 .text.cfgGetToken
                0x00015a5c      0x1e4 C:/XDK-Workbench/workspace/Bosch-XDK-Portal/debug/objects/bxpConfig.o
 .text.cfgParseSDConfigFile
                0x00015c40      0x32c C:/XDK-Workbench/workspace/Bosch-XDK-Portal/debug/objects/bxpConfig.o
 .text.cfgSdcDisconnect
                0x00015f6c       0x18 C:/XDK-Workbench/workspace/Bosch-XDK-Portal/debug/objects/bxpConfig.o
 .text.cfgReadSDConfigFiles
                0x00015f84      0x2ec C:/XDK-Workbench/workspace/Bosch-XDK-Portal/debug/objects/bxpConfig.o
 .text.CFG_init
                0x00016270       0x30 C:/XDK-Workbench/workspace/Bosch-XDK-Portal/debug/objects/bxpConfig.o
                0x00016270                CFG_init
 .text.CFG_getWlanSecurityKeyLength
                0x000162a0       0x10 C:/XDK-Workbench/workspace/Bosch-XDK-Portal/debug/objects/bxpConfig.o
                0x000162a0                CFG_getWlanSecurityKeyLength
 .text.CFG_getWlanSecurityType
                0x000162b0       0x14 C:/XDK-Workbench/workspace/Bosch-XDK-Portal/debug/objects/bxpConfig.o
                0x000162b0                CFG_getWlanSecurityType
 .text.CFG_getWlanSsid
                0x000162c4       0x30 C:/XDK-Workbench/workspace/Bosch-XDK-Portal/debug/objects/bxpConfig.o
                0x000162c4                CFG_getWlanSsid
 .text.CFG_getWlanPwd
                0x000162f4       0x30 C:/XDK-Workbench/workspace/Bosch-XDK-Portal/debug/objects/bxpConfig.o
                0x000162f4                CFG_getWlanPwd
 .text.CFG_getMqttClientId
                0x00016324       0x3c C:/XDK-Workbench/workspace/Bosch-XDK-Portal/debug/objects/bxpConfig.o
                0x00016324                CFG_getMqttClientId
 .text.CFG_getMqttBrokerName
                0x00016360       0x30 C:/XDK-Workbench/workspace/Bosch-XDK-Portal/debug/objects/bxpConfig.o
                0x00016360                CFG_getMqttBrokerName
 .text.CFG_getMqttPort
                0x00016390       0x38 C:/XDK-Workbench/workspace/Bosch-XDK-Portal/debug/objects/bxpConfig.o
                0x00016390                CFG_getMqttPort
 .text.CFG_getGroupId
                0x000163c8       0x30 C:/XDK-Workbench/workspace/Bosch-XDK-Portal/debug/objects/bxpConfig.o
                0x000163c8                CFG_getGroupId
 .text.CFG_getConfigRate
                0x000163f8       0x3c C:/XDK-Workbench/workspace/Bosch-XDK-Portal/debug/objects/bxpConfig.o
                0x000163f8                CFG_getConfigRate
 .text.CFG_getReportSamples
                0x00016434       0x38 C:/XDK-Workbench/workspace/Bosch-XDK-Portal/debug/objects/bxpConfig.o
                0x00016434                CFG_getReportSamples
 .text.CFG_getStreamRate
                0x0001646c       0x38 C:/XDK-Workbench/workspace/Bosch-XDK-Portal/debug/objects/bxpConfig.o
                0x0001646c                CFG_getStreamRate
 .text.CFG_isAccelEnabled
                0x000164a4       0x38 C:/XDK-Workbench/workspace/Bosch-XDK-Portal/debug/objects/bxpConfig.o
                0x000164a4                CFG_isAccelEnabled
 .text.CFG_getAccelStautsString
                0x000164dc       0x30 C:/XDK-Workbench/workspace/Bosch-XDK-Portal/debug/objects/bxpConfig.o
                0x000164dc                CFG_getAccelStautsString
 .text.CFG_isGyroEnabled
                0x0001650c       0x38 C:/XDK-Workbench/workspace/Bosch-XDK-Portal/debug/objects/bxpConfig.o
                0x0001650c                CFG_isGyroEnabled
 .text.CFG_getGyroStautsString
                0x00016544       0x30 C:/XDK-Workbench/workspace/Bosch-XDK-Portal/debug/objects/bxpConfig.o
                0x00016544                CFG_getGyroStautsString
 .text.CFG_isMagEnabled
                0x00016574       0x38 C:/XDK-Workbench/workspace/Bosch-XDK-Portal/debug/objects/bxpConfig.o
                0x00016574                CFG_isMagEnabled
 .text.CFG_getMagStautsString
                0x000165ac       0x30 C:/XDK-Workbench/workspace/Bosch-XDK-Portal/debug/objects/bxpConfig.o
                0x000165ac                CFG_getMagStautsString
 .text.CFG_isLightEnabled
                0x000165dc       0x38 C:/XDK-Workbench/workspace/Bosch-XDK-Portal/debug/objects/bxpConfig.o
                0x000165dc                CFG_isLightEnabled
 .text.CFG_getLightStautsString
                0x00016614       0x30 C:/XDK-Workbench/workspace/Bosch-XDK-Portal/debug/objects/bxpConfig.o
                0x00016614                CFG_getLightStautsString
 .text.CFG_isTempEnabled
                0x00016644       0x38 C:/XDK-Workbench/workspace/Bosch-XDK-Portal/debug/objects/bxpConfig.o
                0x00016644                CFG_isTempEnabled
 .text.CFG_getTempStautsString
                0x0001667c       0x30 C:/XDK-Workbench/workspace/Bosch-XDK-Portal/debug/objects/bxpConfig.o
                0x0001667c                CFG_getTempStautsString
 .text.CFG_isPresEnabled
                0x000166ac       0x38 C:/XDK-Workbench/workspace/Bosch-XDK-Portal/debug/objects/bxpConfig.o
                0x000166ac                CFG_isPresEnabled
 .text.CFG_getPresStautsString
                0x000166e4       0x30 C:/XDK-Workbench/workspace/Bosch-XDK-Portal/debug/objects/bxpConfig.o
                0x000166e4                CFG_getPresStautsString
 .text.CFG_isHumEnabled
                0x00016714       0x38 C:/XDK-Workbench/workspace/Bosch-XDK-Portal/debug/objects/bxpConfig.o
                0x00016714                CFG_isHumEnabled
 .text.CFG_getHumStautsString
                0x0001674c       0x30 C:/XDK-Workbench/workspace/Bosch-XDK-Portal/debug/objects/bxpConfig.o
                0x0001674c                CFG_getHumStautsString
 .text.CFG_ParseJsonConfigFile
                0x0001677c      0x2e8 C:/XDK-Workbench/workspace/Bosch-XDK-Portal/debug/objects/bxpConfig.o
                0x0001677c                CFG_ParseJsonConfigFile
 .text.jsmn_alloc_token
                0x00016a64       0x58 C:/XDK-Workbench/workspace/Bosch-XDK-Portal/debug/objects/jsmn/jsmn.o
 .text.jsmn_fill_token
                0x00016abc       0x34 C:/XDK-Workbench/workspace/Bosch-XDK-Portal/debug/objects/jsmn/jsmn.o
 .text.jsmn_parse_primitive
                0x00016af0       0xfc C:/XDK-Workbench/workspace/Bosch-XDK-Portal/debug/objects/jsmn/jsmn.o
 .text.jsmn_parse_string
                0x00016bec      0x304 C:/XDK-Workbench/workspace/Bosch-XDK-Portal/debug/objects/jsmn/jsmn.o
 .text.jsmn_parse
                0x00016ef0      0x384 C:/XDK-Workbench/workspace/Bosch-XDK-Portal/debug/objects/jsmn/jsmn.o
                0x00016ef0                jsmn_parse
 .text.jsmn_init
                0x00017274       0x2c C:/XDK-Workbench/workspace/Bosch-XDK-Portal/debug/objects/jsmn/jsmn.o
                0x00017274                jsmn_init
 .text.expired  0x000172a0       0x2c C:/XDK-Workbench/workspace/Bosch-XDK-Portal/debug/objects/paho/XDK/mqttXDK.o
                0x000172a0                expired
 .text.countdown_ms
                0x000172cc       0x24 C:/XDK-Workbench/workspace/Bosch-XDK-Portal/debug/objects/paho/XDK/mqttXDK.o
                0x000172cc                countdown_ms
 .text.countdown
                0x000172f0       0x2c C:/XDK-Workbench/workspace/Bosch-XDK-Portal/debug/objects/paho/XDK/mqttXDK.o
                0x000172f0                countdown
 .text.left_ms  0x0001731c       0x2c C:/XDK-Workbench/workspace/Bosch-XDK-Portal/debug/objects/paho/XDK/mqttXDK.o
                0x0001731c                left_ms
 .text.InitTimer
                0x00017348       0x1c C:/XDK-Workbench/workspace/Bosch-XDK-Portal/debug/objects/paho/XDK/mqttXDK.o
                0x00017348                InitTimer
 .text.xdk_read
                0x00017364       0xc8 C:/XDK-Workbench/workspace/Bosch-XDK-Portal/debug/objects/paho/XDK/mqttXDK.o
                0x00017364                xdk_read
 .text.xdk_write
                0x0001742c       0xa4 C:/XDK-Workbench/workspace/Bosch-XDK-Portal/debug/objects/paho/XDK/mqttXDK.o
                0x0001742c                xdk_write
 .text.xdk_disconnect
                0x000174d0       0x20 C:/XDK-Workbench/workspace/Bosch-XDK-Portal/debug/objects/paho/XDK/mqttXDK.o
                0x000174d0                xdk_disconnect
 .text.NewNetwork
                0x000174f0       0x40 C:/XDK-Workbench/workspace/Bosch-XDK-Portal/debug/objects/paho/XDK/mqttXDK.o
                0x000174f0                NewNetwork
 .text.ConnectNetwork
                0x00017530       0xc0 C:/XDK-Workbench/workspace/Bosch-XDK-Portal/debug/objects/paho/XDK/mqttXDK.o
                0x00017530                ConnectNetwork
 .text.NewMessageData
                0x000175f0       0x24 C:/XDK-Workbench/workspace/Bosch-XDK-Portal/debug/objects/paho/MQTTClient.o
                0x000175f0                NewMessageData
 .text.getNextPacketId
                0x00017614       0x38 C:/XDK-Workbench/workspace/Bosch-XDK-Portal/debug/objects/paho/MQTTClient.o
                0x00017614                getNextPacketId
 .text.sendPacket
                0x0001764c       0x98 C:/XDK-Workbench/workspace/Bosch-XDK-Portal/debug/objects/paho/MQTTClient.o
                0x0001764c                sendPacket
 .text.MQTTClient
                0x000176e4       0x88 C:/XDK-Workbench/workspace/Bosch-XDK-Portal/debug/objects/paho/MQTTClient.o
                0x000176e4                MQTTClient
 .text.decodePacket
                0x0001776c       0xa0 C:/XDK-Workbench/workspace/Bosch-XDK-Portal/debug/objects/paho/MQTTClient.o
                0x0001776c                decodePacket
 .text.readPacket
                0x0001780c       0xdc C:/XDK-Workbench/workspace/Bosch-XDK-Portal/debug/objects/paho/MQTTClient.o
                0x0001780c                readPacket
 .text.isTopicMatched
                0x000178e8       0xe0 C:/XDK-Workbench/workspace/Bosch-XDK-Portal/debug/objects/paho/MQTTClient.o
                0x000178e8                isTopicMatched
 .text.deliverMessage
                0x000179c8       0xf4 C:/XDK-Workbench/workspace/Bosch-XDK-Portal/debug/objects/paho/MQTTClient.o
                0x000179c8                deliverMessage
 .text.keepalive
                0x00017abc       0x94 C:/XDK-Workbench/workspace/Bosch-XDK-Portal/debug/objects/paho/MQTTClient.o
                0x00017abc                keepalive
 .text.cycle    0x00017b50      0x1d8 C:/XDK-Workbench/workspace/Bosch-XDK-Portal/debug/objects/paho/MQTTClient.o
                0x00017b50                cycle
 .text.MQTTYield
                0x00017d28       0x64 C:/XDK-Workbench/workspace/Bosch-XDK-Portal/debug/objects/paho/MQTTClient.o
                0x00017d28                MQTTYield
 .text.waitfor  0x00017d8c       0x40 C:/XDK-Workbench/workspace/Bosch-XDK-Portal/debug/objects/paho/MQTTClient.o
                0x00017d8c                waitfor
 .text.MQTTConnect
                0x00017dcc      0x124 C:/XDK-Workbench/workspace/Bosch-XDK-Portal/debug/objects/paho/MQTTClient.o
                0x00017dcc                MQTTConnect
 .text.MQTTSubscribe
                0x00017ef0      0x174 C:/XDK-Workbench/workspace/Bosch-XDK-Portal/debug/objects/paho/MQTTClient.o
                0x00017ef0                MQTTSubscribe
 .text.MQTTPublish
                0x00018064      0x198 C:/XDK-Workbench/workspace/Bosch-XDK-Portal/debug/objects/paho/MQTTClient.o
                0x00018064                MQTTPublish
 .text.MQTTDisconnect
                0x000181fc       0x64 C:/XDK-Workbench/workspace/Bosch-XDK-Portal/debug/objects/paho/MQTTClient.o
                0x000181fc                MQTTDisconnect
 .text.MQTTSerialize_connectLength
                0x00018260       0xe0 C:/XDK-Workbench/workspace/Bosch-XDK-Portal/debug/objects/paho/MQTTConnectClient.o
                0x00018260                MQTTSerialize_connectLength
 .text.MQTTSerialize_connect
                0x00018340      0x204 C:/XDK-Workbench/workspace/Bosch-XDK-Portal/debug/objects/paho/MQTTConnectClient.o
                0x00018340                MQTTSerialize_connect
 .text.MQTTDeserialize_connack
                0x00018544       0xb8 C:/XDK-Workbench/workspace/Bosch-XDK-Portal/debug/objects/paho/MQTTConnectClient.o
                0x00018544                MQTTDeserialize_connack
 .text.MQTTSerialize_zero
                0x000185fc       0x7c C:/XDK-Workbench/workspace/Bosch-XDK-Portal/debug/objects/paho/MQTTConnectClient.o
                0x000185fc                MQTTSerialize_zero
 .text.MQTTSerialize_disconnect
                0x00018678       0x24 C:/XDK-Workbench/workspace/Bosch-XDK-Portal/debug/objects/paho/MQTTConnectClient.o
                0x00018678                MQTTSerialize_disconnect
 .text.MQTTSerialize_pingreq
                0x0001869c       0x24 C:/XDK-Workbench/workspace/Bosch-XDK-Portal/debug/objects/paho/MQTTConnectClient.o
                0x0001869c                MQTTSerialize_pingreq
 .text.MQTTDeserialize_publish
                0x000186c0       0xec C:/XDK-Workbench/workspace/Bosch-XDK-Portal/debug/objects/paho/MQTTDeserializePublish.o
                0x000186c0                MQTTDeserialize_publish
 .text.MQTTDeserialize_ack
                0x000187ac       0xa0 C:/XDK-Workbench/workspace/Bosch-XDK-Portal/debug/objects/paho/MQTTDeserializePublish.o
                0x000187ac                MQTTDeserialize_ack
 .text.MQTTPacket_encode
                0x0001884c       0x74 C:/XDK-Workbench/workspace/Bosch-XDK-Portal/debug/objects/paho/MQTTPacket.o
                0x0001884c                MQTTPacket_encode
 .text.MQTTPacket_decode
                0x000188c0       0x88 C:/XDK-Workbench/workspace/Bosch-XDK-Portal/debug/objects/paho/MQTTPacket.o
                0x000188c0                MQTTPacket_decode
 .text.MQTTPacket_len
                0x00018948       0x64 C:/XDK-Workbench/workspace/Bosch-XDK-Portal/debug/objects/paho/MQTTPacket.o
                0x00018948                MQTTPacket_len
 .text.bufchar  0x000189ac       0x50 C:/XDK-Workbench/workspace/Bosch-XDK-Portal/debug/objects/paho/MQTTPacket.o
                0x000189ac                bufchar
 .text.MQTTPacket_decodeBuf
                0x000189fc       0x30 C:/XDK-Workbench/workspace/Bosch-XDK-Portal/debug/objects/paho/MQTTPacket.o
                0x000189fc                MQTTPacket_decodeBuf
 .text.readInt  0x00018a2c       0x3c C:/XDK-Workbench/workspace/Bosch-XDK-Portal/debug/objects/paho/MQTTPacket.o
                0x00018a2c                readInt
 .text.readChar
                0x00018a68       0x2c C:/XDK-Workbench/workspace/Bosch-XDK-Portal/debug/objects/paho/MQTTPacket.o
                0x00018a68                readChar
 .text.writeChar
                0x00018a94       0x2c C:/XDK-Workbench/workspace/Bosch-XDK-Portal/debug/objects/paho/MQTTPacket.o
                0x00018a94                writeChar
 .text.writeInt
                0x00018ac0       0x68 C:/XDK-Workbench/workspace/Bosch-XDK-Portal/debug/objects/paho/MQTTPacket.o
                0x00018ac0                writeInt
 .text.writeCString
                0x00018b28       0x40 C:/XDK-Workbench/workspace/Bosch-XDK-Portal/debug/objects/paho/MQTTPacket.o
                0x00018b28                writeCString
 .text.writeMQTTString
                0x00018b68       0x64 C:/XDK-Workbench/workspace/Bosch-XDK-Portal/debug/objects/paho/MQTTPacket.o
                0x00018b68                writeMQTTString
 .text.readMQTTLenString
                0x00018bcc       0x6c C:/XDK-Workbench/workspace/Bosch-XDK-Portal/debug/objects/paho/MQTTPacket.o
                0x00018bcc                readMQTTLenString
 .text.MQTTstrlen
                0x00018c38       0x38 C:/XDK-Workbench/workspace/Bosch-XDK-Portal/debug/objects/paho/MQTTPacket.o
                0x00018c38                MQTTstrlen
 .text.MQTTPacket_equals
                0x00018c70       0x78 C:/XDK-Workbench/workspace/Bosch-XDK-Portal/debug/objects/paho/MQTTPacket.o
                0x00018c70                MQTTPacket_equals
 .text.MQTTSerialize_publishLength
                0x00018ce8       0x48 C:/XDK-Workbench/workspace/Bosch-XDK-Portal/debug/objects/paho/MQTTSerializePublish.o
                0x00018ce8                MQTTSerialize_publishLength
 .text.MQTTSerialize_publish
                0x00018d30      0x100 C:/XDK-Workbench/workspace/Bosch-XDK-Portal/debug/objects/paho/MQTTSerializePublish.o
                0x00018d30                MQTTSerialize_publish
 .text.MQTTSerialize_ack
                0x00018e30       0xac C:/XDK-Workbench/workspace/Bosch-XDK-Portal/debug/objects/paho/MQTTSerializePublish.o
                0x00018e30                MQTTSerialize_ack
 .text.MQTTSerialize_subscribeLength
                0x00018edc       0x5c C:/XDK-Workbench/workspace/Bosch-XDK-Portal/debug/objects/paho/MQTTSubscribeClient.o
                0x00018edc                MQTTSerialize_subscribeLength
 .text.MQTTSerialize_subscribe
                0x00018f38      0x10c C:/XDK-Workbench/workspace/Bosch-XDK-Portal/debug/objects/paho/MQTTSubscribeClient.o
                0x00018f38                MQTTSerialize_subscribe
 .text.MQTTDeserialize_suback
                0x00019044       0xdc C:/XDK-Workbench/workspace/Bosch-XDK-Portal/debug/objects/paho/MQTTSubscribeClient.o
                0x00019044                MQTTDeserialize_suback
 .text          0x00019120       0x98 C:/XDK-Workbench/workspace/Bosch-XDK-Portal/debug/objects/startup_efm32gg.o
                0x00019120                Reset_Handler
                0x00019154                Default_Handler
                0x00019156                NMI_Handler
                0x00019158                HardFault_Handler
                0x0001915a                MemManage_Handler
                0x0001915c                BusFault_Handler
                0x0001915e                UsageFault_Handler
                0x00019162                DebugMon_Handler
                0x00019166                SysTick_Handler
                0x00019172                ACMP0_IRQHandler
                0x00019176                ADC0_IRQHandler
                0x00019178                DAC0_IRQHandler
                0x00019182                TIMER2_IRQHandler
                0x00019184                TIMER3_IRQHandler
                0x0001918a                LESENSE_IRQHandler
                0x0001919c                LETIMER0_IRQHandler
                0x0001919e                PCNT0_IRQHandler
                0x000191a0                PCNT1_IRQHandler
                0x000191a2                PCNT2_IRQHandler
                0x000191a6                BURTC_IRQHandler
                0x000191aa                VCMP_IRQHandler
                0x000191ac                LCD_IRQHandler
                0x000191ae                MSC_IRQHandler
                0x000191b0                AES_IRQHandler
                0x000191b2                EBI_IRQHandler
                0x000191b4                EMU_IRQHandler
 .text.sl_NetAppStop
                0x000191b8       0x58 ./../Libraries/WiFi/TI/../BCDS_Customization/debug/libWifiLib_efm32_debug.a(netapp.o)
                0x000191b8                sl_NetAppStop
 .text._sl_HandleAsync_DnsGetHostByService
                0x00019210      0x114 ./../Libraries/WiFi/TI/../BCDS_Customization/debug/libWifiLib_efm32_debug.a(netapp.o)
                0x00019210                _sl_HandleAsync_DnsGetHostByService
 .text.sl_NetAppDnsGetHostByName
                0x00019324      0x194 ./../Libraries/WiFi/TI/../BCDS_Customization/debug/libWifiLib_efm32_debug.a(netapp.o)
                0x00019324                sl_NetAppDnsGetHostByName
 .text._sl_HandleAsync_DnsGetHostByName
                0x000194b8      0x108 ./../Libraries/WiFi/TI/../BCDS_Customization/debug/libWifiLib_efm32_debug.a(netapp.o)
                0x000194b8                _sl_HandleAsync_DnsGetHostByName
 .text.CopyPingResultsToReport
                0x000195c0       0x44 ./../Libraries/WiFi/TI/../BCDS_Customization/debug/libWifiLib_efm32_debug.a(netapp.o)
 .text._sl_HandleAsync_PingResponse
                0x00019604       0xf4 ./../Libraries/WiFi/TI/../BCDS_Customization/debug/libWifiLib_efm32_debug.a(netapp.o)
                0x00019604                _sl_HandleAsync_PingResponse
 .text._sl_NetAppSendTokenValue
                0x000196f8       0x88 ./../Libraries/WiFi/TI/../BCDS_Customization/debug/libWifiLib_efm32_debug.a(netapp.o)
                0x000196f8                _sl_NetAppSendTokenValue
 .text._SlDrvNetAppEventHandler
                0x00019780      0x148 ./../Libraries/WiFi/TI/../BCDS_Customization/debug/libWifiLib_efm32_debug.a(netapp.o)
                0x00019780                _SlDrvNetAppEventHandler
 .text.sl_NetCfgSet
                0x000198c8       0x94 ./../Libraries/WiFi/TI/../BCDS_Customization/debug/libWifiLib_efm32_debug.a(netcfg.o)
                0x000198c8                sl_NetCfgSet
 .text.sl_NetCfgGet
                0x0001995c       0xd8 ./../Libraries/WiFi/TI/../BCDS_Customization/debug/libWifiLib_efm32_debug.a(netcfg.o)
                0x0001995c                sl_NetCfgGet
 .text._sl_BuildAddress
                0x00019a34       0x60 ./../Libraries/WiFi/TI/../BCDS_Customization/debug/libWifiLib_efm32_debug.a(socket.o)
 .text._sl_TruncatePayloadByProtocol
                0x00019a94       0x44 ./../Libraries/WiFi/TI/../BCDS_Customization/debug/libWifiLib_efm32_debug.a(socket.o)
 .text.sl_Socket
                0x00019ad8       0x7c ./../Libraries/WiFi/TI/../BCDS_Customization/debug/libWifiLib_efm32_debug.a(socket.o)
                0x00019ad8                sl_Socket
 .text.sl_Close
                0x00019b54       0x5c ./../Libraries/WiFi/TI/../BCDS_Customization/debug/libWifiLib_efm32_debug.a(socket.o)
                0x00019b54                sl_Close
 .text.sl_Connect
                0x00019bb0      0x1b0 ./../Libraries/WiFi/TI/../BCDS_Customization/debug/libWifiLib_efm32_debug.a(socket.o)
                0x00019bb0                sl_Connect
 .text._sl_HandleAsync_Connect
                0x00019d60       0xd4 ./../Libraries/WiFi/TI/../BCDS_Customization/debug/libWifiLib_efm32_debug.a(socket.o)
                0x00019d60                _sl_HandleAsync_Connect
 .text.sl_Send  0x00019e34      0x124 ./../Libraries/WiFi/TI/../BCDS_Customization/debug/libWifiLib_efm32_debug.a(socket.o)
                0x00019e34                sl_Send
 .text.sl_Htonl
                0x00019f58       0x58 ./../Libraries/WiFi/TI/../BCDS_Customization/debug/libWifiLib_efm32_debug.a(socket.o)
                0x00019f58                sl_Htonl
 .text.sl_Htons
                0x00019fb0       0x48 ./../Libraries/WiFi/TI/../BCDS_Customization/debug/libWifiLib_efm32_debug.a(socket.o)
                0x00019fb0                sl_Htons
 .text._sl_HandleAsync_Accept
                0x00019ff8       0xa8 ./../Libraries/WiFi/TI/../BCDS_Customization/debug/libWifiLib_efm32_debug.a(socket.o)
                0x00019ff8                _sl_HandleAsync_Accept
 .text._sl_HandleAsync_Select
                0x0001a0a0       0x94 ./../Libraries/WiFi/TI/../BCDS_Customization/debug/libWifiLib_efm32_debug.a(socket.o)
                0x0001a0a0                _sl_HandleAsync_Select
 .text.sl_Recv  0x0001a134       0x90 ./../Libraries/WiFi/TI/../BCDS_Customization/debug/libWifiLib_efm32_debug.a(socket.o)
                0x0001a134                sl_Recv
 .text.sl_Select
                0x0001a1c4      0x188 ./../Libraries/WiFi/TI/../BCDS_Customization/debug/libWifiLib_efm32_debug.a(socket.o)
                0x0001a1c4                sl_Select
 .text.SL_FD_SET
                0x0001a34c       0x30 ./../Libraries/WiFi/TI/../BCDS_Customization/debug/libWifiLib_efm32_debug.a(socket.o)
                0x0001a34c                SL_FD_SET
 .text.SL_FD_ZERO
                0x0001a37c       0x1c ./../Libraries/WiFi/TI/../BCDS_Customization/debug/libWifiLib_efm32_debug.a(socket.o)
                0x0001a37c                SL_FD_ZERO
 .text._SlDrvProtectAsyncRespSetting
                0x0001a398       0x5c ./../Libraries/WiFi/TI/../BCDS_Customization/debug/libWifiLib_efm32_debug.a(driver.o)
                0x0001a398                _SlDrvProtectAsyncRespSetting
 .text._SlDrvDriverCBInit
                0x0001a3f4      0x25c ./../Libraries/WiFi/TI/../BCDS_Customization/debug/libWifiLib_efm32_debug.a(driver.o)
                0x0001a3f4                _SlDrvDriverCBInit
 .text._SlDrvDriverCBDeinit
                0x0001a650      0x190 ./../Libraries/WiFi/TI/../BCDS_Customization/debug/libWifiLib_efm32_debug.a(driver.o)
                0x0001a650                _SlDrvDriverCBDeinit
 .text._SlDrvRxIrqHandler
                0x0001a7e0       0x84 ./../Libraries/WiFi/TI/../BCDS_Customization/debug/libWifiLib_efm32_debug.a(driver.o)
                0x0001a7e0                _SlDrvRxIrqHandler
 .text._SlDrvCmdOp
                0x0001a864       0xe4 ./../Libraries/WiFi/TI/../BCDS_Customization/debug/libWifiLib_efm32_debug.a(driver.o)
                0x0001a864                _SlDrvCmdOp
 .text._SlDrvDataReadOp
                0x0001a948      0x270 ./../Libraries/WiFi/TI/../BCDS_Customization/debug/libWifiLib_efm32_debug.a(driver.o)
                0x0001a948                _SlDrvDataReadOp
 .text._SlDrvDataWriteOp
                0x0001abb8      0x1c8 ./../Libraries/WiFi/TI/../BCDS_Customization/debug/libWifiLib_efm32_debug.a(driver.o)
                0x0001abb8                _SlDrvDataWriteOp
 .text._SlDrvMsgWrite
                0x0001ad80      0x248 ./../Libraries/WiFi/TI/../BCDS_Customization/debug/libWifiLib_efm32_debug.a(driver.o)
 .text._SlDrvMsgRead
                0x0001afc8      0x7a4 ./../Libraries/WiFi/TI/../BCDS_Customization/debug/libWifiLib_efm32_debug.a(driver.o)
 .text._SlAsyncEventGenericHandler
                0x0001b76c      0x120 ./../Libraries/WiFi/TI/../BCDS_Customization/debug/libWifiLib_efm32_debug.a(driver.o)
 .text._SlDrvMsgReadCmdCtx
                0x0001b88c      0x19c ./../Libraries/WiFi/TI/../BCDS_Customization/debug/libWifiLib_efm32_debug.a(driver.o)
 .text._SlDrvMsgReadSpawnCtx
                0x0001ba28      0x10c ./../Libraries/WiFi/TI/../BCDS_Customization/debug/libWifiLib_efm32_debug.a(driver.o)
                0x0001ba28                _SlDrvMsgReadSpawnCtx
 .text._SlDrvClassifyRxMsg
                0x0001bb34       0xf0 ./../Libraries/WiFi/TI/../BCDS_Customization/debug/libWifiLib_efm32_debug.a(driver.o)
 .text._SlDrvRxHdrRead
                0x0001bc24      0x2d4 ./../Libraries/WiFi/TI/../BCDS_Customization/debug/libWifiLib_efm32_debug.a(driver.o)
 .text._SlDrvCmdSend
                0x0001bef8       0x9c ./../Libraries/WiFi/TI/../BCDS_Customization/debug/libWifiLib_efm32_debug.a(driver.o)
                0x0001bef8                _SlDrvCmdSend
 .text._SlDrvWaitForPoolObj
                0x0001bf94      0x254 ./../Libraries/WiFi/TI/../BCDS_Customization/debug/libWifiLib_efm32_debug.a(driver.o)
                0x0001bf94                _SlDrvWaitForPoolObj
 .text._SlDrvReleasePoolObj
                0x0001c1e8      0x2fc ./../Libraries/WiFi/TI/../BCDS_Customization/debug/libWifiLib_efm32_debug.a(driver.o)
                0x0001c1e8                _SlDrvReleasePoolObj
 .text._SlRemoveFromList
                0x0001c4e4      0x114 ./../Libraries/WiFi/TI/../BCDS_Customization/debug/libWifiLib_efm32_debug.a(driver.o)
 .text._SlFindAndSetActiveObj
                0x0001c5f8      0x1f4 ./../Libraries/WiFi/TI/../BCDS_Customization/debug/libWifiLib_efm32_debug.a(driver.o)
 .text._SlDrvDispatchHttpServerEvents
                0x0001c7ec       0x1c ./../Libraries/WiFi/TI/../BCDS_Customization/debug/libWifiLib_efm32_debug.a(driver.o)
                0x0001c7ec                _SlDrvDispatchHttpServerEvents
 .text._SlDrvSyncObjSignal
                0x0001c808       0x30 ./../Libraries/WiFi/TI/../BCDS_Customization/debug/libWifiLib_efm32_debug.a(driver.o)
                0x0001c808                _SlDrvSyncObjSignal
 .text._SlDrvObjLockWaitForever
                0x0001c838       0x34 ./../Libraries/WiFi/TI/../BCDS_Customization/debug/libWifiLib_efm32_debug.a(driver.o)
                0x0001c838                _SlDrvObjLockWaitForever
 .text._SlDrvProtectionObjLockWaitForever
                0x0001c86c       0x40 ./../Libraries/WiFi/TI/../BCDS_Customization/debug/libWifiLib_efm32_debug.a(driver.o)
                0x0001c86c                _SlDrvProtectionObjLockWaitForever
 .text._SlDrvObjUnLock
                0x0001c8ac       0x30 ./../Libraries/WiFi/TI/../BCDS_Customization/debug/libWifiLib_efm32_debug.a(driver.o)
                0x0001c8ac                _SlDrvObjUnLock
 .text._SlDrvProtectionObjUnLock
                0x0001c8dc       0x3c ./../Libraries/WiFi/TI/../BCDS_Customization/debug/libWifiLib_efm32_debug.a(driver.o)
                0x0001c8dc                _SlDrvProtectionObjUnLock
 .text._SlDrvObjGlobalLockWaitForever
                0x0001c918       0x3c ./../Libraries/WiFi/TI/../BCDS_Customization/debug/libWifiLib_efm32_debug.a(driver.o)
 .text._SlDrvGlobalObjUnLock
                0x0001c954       0x3c ./../Libraries/WiFi/TI/../BCDS_Customization/debug/libWifiLib_efm32_debug.a(driver.o)
                0x0001c954                _SlDrvGlobalObjUnLock
 .text._SlDrvMemZero
                0x0001c990       0x24 ./../Libraries/WiFi/TI/../BCDS_Customization/debug/libWifiLib_efm32_debug.a(driver.o)
                0x0001c990                _SlDrvMemZero
 .text._SlDrvResetCmdExt
                0x0001c9b4       0x1c ./../Libraries/WiFi/TI/../BCDS_Customization/debug/libWifiLib_efm32_debug.a(driver.o)
                0x0001c9b4                _SlDrvResetCmdExt
 .text._SlDrvSyncObjWaitForever
                0x0001c9d0       0x38 ./../Libraries/WiFi/TI/../BCDS_Customization/debug/libWifiLib_efm32_debug.a(driver.o)
                0x0001c9d0                _SlDrvSyncObjWaitForever
 .text._SlDrvSyncObjWaitTimeout
                0x0001ca08       0x58 ./../Libraries/WiFi/TI/../BCDS_Customization/debug/libWifiLib_efm32_debug.a(driver.o)
                0x0001ca08                _SlDrvSyncObjWaitTimeout
 .text._SlDriverHandleError
                0x0001ca60       0xb4 ./../Libraries/WiFi/TI/../BCDS_Customization/debug/libWifiLib_efm32_debug.a(driver.o)
                0x0001ca60                _SlDriverHandleError
 .text._sl_GetStartResponseConvert
                0x0001cb14       0x28 ./../Libraries/WiFi/TI/../BCDS_Customization/debug/libWifiLib_efm32_debug.a(device.o)
 .text.sl_Start
                0x0001cb3c      0x130 ./../Libraries/WiFi/TI/../BCDS_Customization/debug/libWifiLib_efm32_debug.a(device.o)
                0x0001cb3c                sl_Start
 .text._sl_HandleAsync_InitComplete
                0x0001cc6c       0xe8 ./../Libraries/WiFi/TI/../BCDS_Customization/debug/libWifiLib_efm32_debug.a(device.o)
                0x0001cc6c                _sl_HandleAsync_InitComplete
 .text._sl_HandleAsync_Stop
                0x0001cd54       0x90 ./../Libraries/WiFi/TI/../BCDS_Customization/debug/libWifiLib_efm32_debug.a(device.o)
                0x0001cd54                _sl_HandleAsync_Stop
 .text.sl_Stop  0x0001cde4      0x110 ./../Libraries/WiFi/TI/../BCDS_Customization/debug/libWifiLib_efm32_debug.a(device.o)
                0x0001cde4                sl_Stop
 .text._SlDrvDeviceEventHandler
                0x0001cef4       0xb8 ./../Libraries/WiFi/TI/../BCDS_Customization/debug/libWifiLib_efm32_debug.a(device.o)
                0x0001cef4                _SlDrvDeviceEventHandler
 .text.NetworkConfig_SlNetAppEvtHdlr
                0x0001cfac       0xa0 ./../Platform/Wlan/debug/libWlan_efm32_debug.a(NetworkConfig.o)
                0x0001cfac                NetworkConfig_SlNetAppEvtHdlr
 .text.NetworkConfig_GetIpStatus
                0x0001d04c       0x18 ./../Platform/Wlan/debug/libWlan_efm32_debug.a(NetworkConfig.o)
                0x0001d04c                NetworkConfig_GetIpStatus
 .text.NetworkConfig_SetIpStatus
                0x0001d064       0x20 ./../Platform/Wlan/debug/libWlan_efm32_debug.a(NetworkConfig.o)
                0x0001d064                NetworkConfig_SetIpStatus
 .text.NetworkConfig_GetIpSettings
                0x0001d084       0xc0 ./../Platform/Wlan/debug/libWlan_efm32_debug.a(NetworkConfig.o)
                0x0001d084                NetworkConfig_GetIpSettings
 .text.NetworkConfig_SetIpDhcp
                0x0001d144       0xb4 ./../Platform/Wlan/debug/libWlan_efm32_debug.a(NetworkConfig.o)
                0x0001d144                NetworkConfig_SetIpDhcp
 .text.connectNonBlockingCall
                0x0001d1f8      0x18c ./../Platform/Wlan/debug/libWlan_efm32_debug.a(WlanConnect.o)
 .text.connectBlockingCall
                0x0001d384       0xd0 ./../Platform/Wlan/debug/libWlan_efm32_debug.a(WlanConnect.o)
 .text.WlanConnect_SlGeneralEventHdlr
                0x0001d454       0x9c ./../Platform/Wlan/debug/libWlan_efm32_debug.a(WlanConnect.o)
                0x0001d454                WlanConnect_SlGeneralEventHdlr
 .text.WlanConnect_SLWlanEventHdlr
                0x0001d4f0       0x6c ./../Platform/Wlan/debug/libWlan_efm32_debug.a(WlanConnect.o)
                0x0001d4f0                WlanConnect_SLWlanEventHdlr
 .text.WlanConnect_GetInitStatus
                0x0001d55c       0x18 ./../Platform/Wlan/debug/libWlan_efm32_debug.a(WlanConnect.o)
                0x0001d55c                WlanConnect_GetInitStatus
 .text.WlanConnect_Init
                0x0001d574       0xf4 ./../Platform/Wlan/debug/libWlan_efm32_debug.a(WlanConnect.o)
                0x0001d574                WlanConnect_Init
 .text.NonBlockingTimer
                0x0001d668       0xb0 ./../Platform/Wlan/debug/libWlan_efm32_debug.a(WlanConnect.o)
                0x0001d668                NonBlockingTimer
 .text.WlanConnect_Open
                0x0001d718       0xd0 ./../Platform/Wlan/debug/libWlan_efm32_debug.a(WlanConnect.o)
                0x0001d718                WlanConnect_Open
 .text.WlanConnect_WEP_Open
                0x0001d7e8       0xf8 ./../Platform/Wlan/debug/libWlan_efm32_debug.a(WlanConnect.o)
                0x0001d7e8                WlanConnect_WEP_Open
 .text.WlanConnect_WPA
                0x0001d8e0       0xe0 ./../Platform/Wlan/debug/libWlan_efm32_debug.a(WlanConnect.o)
                0x0001d8e0                WlanConnect_WPA
 .text.BITBAND_Peripheral
                0x0001d9c0       0x30 ./../Platform/Wlan/debug/libWlan_efm32_debug.a(WlanDriver.o)
 .text.GPIO_IntClear
                0x0001d9f0       0x20 ./../Platform/Wlan/debug/libWlan_efm32_debug.a(WlanDriver.o)
 .text.GPIO_PinOutClear
                0x0001da10       0x4c ./../Platform/Wlan/debug/libWlan_efm32_debug.a(WlanDriver.o)
 .text.GPIO_PinOutSet
                0x0001da5c       0x4c ./../Platform/Wlan/debug/libWlan_efm32_debug.a(WlanDriver.o)
 .text.OsTime2Tick
                0x0001daa8       0x44 ./../Platform/Wlan/debug/libWlan_efm32_debug.a(WlanDriver.o)
 .text.DelayAPI
                0x0001daec       0x48 ./../Platform/Wlan/debug/libWlan_efm32_debug.a(WlanDriver.o)
 .text.CreateSpawnQAndTask
                0x0001db34       0x98 ./../Platform/Wlan/debug/libWlan_efm32_debug.a(WlanDriver.o)
 .text.WifiInterruptCallback
                0x0001dbcc       0x24 ./../Platform/Wlan/debug/libWlan_efm32_debug.a(WlanDriver.o)
 .text.WlanDriver_Init
                0x0001dbf0       0xc8 ./../Platform/Wlan/debug/libWlan_efm32_debug.a(WlanDriver.o)
                0x0001dbf0                WlanDriver_Init
 .text.WlanDriver_RegInterruptHdlr
                0x0001dcb8       0x34 ./../Platform/Wlan/debug/libWlan_efm32_debug.a(WlanDriver.o)
                0x0001dcb8                WlanDriver_RegInterruptHdlr
 .text.WlanDriver_DeviceDisable
                0x0001dcec       0x14 ./../Platform/Wlan/debug/libWlan_efm32_debug.a(WlanDriver.o)
                0x0001dcec                WlanDriver_DeviceDisable
 .text.WlanDriver_DeviceEnable
                0x0001dd00       0x14 ./../Platform/Wlan/debug/libWlan_efm32_debug.a(WlanDriver.o)
                0x0001dd00                WlanDriver_DeviceEnable
 .text.WlanDriver_InterruptEnable
                0x0001dd14       0x1c ./../Platform/Wlan/debug/libWlan_efm32_debug.a(WlanDriver.o)
                0x0001dd14                WlanDriver_InterruptEnable
 .text.WlanDriver_InterruptDisable
                0x0001dd30       0x1c ./../Platform/Wlan/debug/libWlan_efm32_debug.a(WlanDriver.o)
                0x0001dd30                WlanDriver_InterruptDisable
 .text.WlanDriver_SlHttpServerCb
                0x0001dd4c       0x14 ./../Platform/Wlan/debug/libWlan_efm32_debug.a(WlanDriver.o)
                0x0001dd4c                WlanDriver_SlHttpServerCb
 .text.WlanDriver_SpiClose
                0x0001dd60       0x3c ./../Platform/Wlan/debug/libWlan_efm32_debug.a(WlanDriver.o)
                0x0001dd60                WlanDriver_SpiClose
 .text.WlanDriver_SpiOpen
                0x0001dd9c       0xe0 ./../Platform/Wlan/debug/libWlan_efm32_debug.a(WlanDriver.o)
                0x0001dd9c                WlanDriver_SpiOpen
 .text.WlanDriver_SpiWrite
                0x0001de7c       0x60 ./../Platform/Wlan/debug/libWlan_efm32_debug.a(WlanDriver.o)
                0x0001de7c                WlanDriver_SpiWrite
 .text.WlanDriver_SpiRead
                0x0001dedc       0x58 ./../Platform/Wlan/debug/libWlan_efm32_debug.a(WlanDriver.o)
                0x0001dedc                WlanDriver_SpiRead
 .text.WlanDriver_OsSyncObjectCreate
                0x0001df34       0x3c ./../Platform/Wlan/debug/libWlan_efm32_debug.a(WlanDriver.o)
                0x0001df34                WlanDriver_OsSyncObjectCreate
 .text.WlanDriver_OsSyncObjectDelete
                0x0001df70       0x30 ./../Platform/Wlan/debug/libWlan_efm32_debug.a(WlanDriver.o)
                0x0001df70                WlanDriver_OsSyncObjectDelete
 .text.WlanDriver_OsSyncObjectSignal
                0x0001dfa0       0x3c ./../Platform/Wlan/debug/libWlan_efm32_debug.a(WlanDriver.o)
                0x0001dfa0                WlanDriver_OsSyncObjectSignal
 .text.WlanDriver_OsSyncSignalFromISR
                0x0001dfdc       0x5c ./../Platform/Wlan/debug/libWlan_efm32_debug.a(WlanDriver.o)
                0x0001dfdc                WlanDriver_OsSyncSignalFromISR
 .text.WlanDriver_OsSyncObjectWait
                0x0001e038       0x4c ./../Platform/Wlan/debug/libWlan_efm32_debug.a(WlanDriver.o)
                0x0001e038                WlanDriver_OsSyncObjectWait
 .text.WlanDriver_OsLockObjectCreate
                0x0001e084       0x34 ./../Platform/Wlan/debug/libWlan_efm32_debug.a(WlanDriver.o)
                0x0001e084                WlanDriver_OsLockObjectCreate
 .text.WlanDriver_OsLockObjectDelete
                0x0001e0b8       0x2c ./../Platform/Wlan/debug/libWlan_efm32_debug.a(WlanDriver.o)
                0x0001e0b8                WlanDriver_OsLockObjectDelete
 .text.WlanDriver_OsLockObjectWait
                0x0001e0e4       0x40 ./../Platform/Wlan/debug/libWlan_efm32_debug.a(WlanDriver.o)
                0x0001e0e4                WlanDriver_OsLockObjectWait
 .text.WlanDriver_OsLockUnlock
                0x0001e124       0x44 ./../Platform/Wlan/debug/libWlan_efm32_debug.a(WlanDriver.o)
                0x0001e124                WlanDriver_OsLockUnlock
 .text.WlanDriver_SimpleLinkSpawnTask
                0x0001e168       0x68 ./../Platform/Wlan/debug/libWlan_efm32_debug.a(WlanDriver.o)
                0x0001e168                WlanDriver_SimpleLinkSpawnTask
 .text.WlanDriver_OsiSpawn
                0x0001e1d0       0xa4 ./../Platform/Wlan/debug/libWlan_efm32_debug.a(WlanDriver.o)
                0x0001e1d0                WlanDriver_OsiSpawn
 .text.Ip_convertAddrToString
                0x0001e274       0x4c ./../Platform/ServalPAL_WiFi/release/libServalPalWifi_efm32.a(PAL_ip_cc.o)
                0x0001e274                Ip_convertAddrToString
 .text.Ip_getMyIpAddr
                0x0001e2c0       0x2c ./../Platform/ServalPAL_WiFi/release/libServalPalWifi_efm32.a(PAL_ip_cc.o)
                0x0001e2c0                Ip_getMyIpAddr
 .text.Basics_htonl
                0x0001e2ec       0x1c ./../Platform/ServalPAL_WiFi/release/libServalPalWifi_efm32.a(PAL_ip_cc.o)
                0x0001e2ec                Basics_htonl
 .text.SystemCoreClockUpdate
                0x0001e308        0xc ./../Platform/MiscDrivers/debug/libMiscDrivers_efm32_debug.a(SDCardDriver.o)
 .text.GPIO_PinInGet
                0x0001e314       0x4c ./../Platform/MiscDrivers/debug/libMiscDrivers_efm32_debug.a(SDCardDriver.o)
 .text.GPIO_PinOutClear
                0x0001e360       0x4c ./../Platform/MiscDrivers/debug/libMiscDrivers_efm32_debug.a(SDCardDriver.o)
 .text.GPIO_PinOutSet
                0x0001e3ac       0x4c ./../Platform/MiscDrivers/debug/libMiscDrivers_efm32_debug.a(SDCardDriver.o)
 .text.SDCardInterruptHandler
                0x0001e3f8       0x6c ./../Platform/MiscDrivers/debug/libMiscDrivers_efm32_debug.a(SDCardDriver.o)
 .text.SDCardDetectCallBack
                0x0001e464       0x50 ./../Platform/MiscDrivers/debug/libMiscDrivers_efm32_debug.a(SDCardDriver.o)
 .text.SDCardPinSetting
                0x0001e4b4      0x14c ./../Platform/MiscDrivers/debug/libMiscDrivers_efm32_debug.a(SDCardDriver.o)
 .text.SDCardEnableClocks
                0x0001e600       0x58 ./../Platform/MiscDrivers/debug/libMiscDrivers_efm32_debug.a(SDCardDriver.o)
 .text.SDCardDetectRegInterrupt
                0x0001e658       0x30 ./../Platform/MiscDrivers/debug/libMiscDrivers_efm32_debug.a(SDCardDriver.o)
 .text.SDCardSpiInitialize
                0x0001e688       0x84 ./../Platform/MiscDrivers/debug/libMiscDrivers_efm32_debug.a(SDCardDriver.o)
 .text.SDCardWaitReady
                0x0001e70c       0x64 ./../Platform/MiscDrivers/debug/libMiscDrivers_efm32_debug.a(SDCardDriver.o)
 .text.SDCardSendCmd
                0x0001e770      0x190 ./../Platform/MiscDrivers/debug/libMiscDrivers_efm32_debug.a(SDCardDriver.o)
 .text.SDCardBlockSend
                0x0001e900      0x18c ./../Platform/MiscDrivers/debug/libMiscDrivers_efm32_debug.a(SDCardDriver.o)
 .text.SDCardBlockReceive
                0x0001ea8c      0x10c ./../Platform/MiscDrivers/debug/libMiscDrivers_efm32_debug.a(SDCardDriver.o)
 .text.SdcardTypeDetect
                0x0001eb98      0x1c4 ./../Platform/MiscDrivers/debug/libMiscDrivers_efm32_debug.a(SDCardDriver.o)
 .text.SDCardDriver_Init
                0x0001ed5c       0xa4 ./../Platform/MiscDrivers/debug/libMiscDrivers_efm32_debug.a(SDCardDriver.o)
                0x0001ed5c                SDCardDriver_Init
 .text.SDCardDriver_GetDetectStatus
                0x0001ee00       0x18 ./../Platform/MiscDrivers/debug/libMiscDrivers_efm32_debug.a(SDCardDriver.o)
                0x0001ee00                SDCardDriver_GetDetectStatus
 .text.SDCardDriver_Disconnect
                0x0001ee18       0x14 ./../Platform/MiscDrivers/debug/libMiscDrivers_efm32_debug.a(SDCardDriver.o)
                0x0001ee18                SDCardDriver_Disconnect
 .text.SDCardDriver_Connect
                0x0001ee2c       0x54 ./../Platform/MiscDrivers/debug/libMiscDrivers_efm32_debug.a(SDCardDriver.o)
                0x0001ee2c                SDCardDriver_Connect
 .text.SDCardDriver_DiskInitialize
                0x0001ee80       0xf4 ./../Platform/MiscDrivers/debug/libMiscDrivers_efm32_debug.a(SDCardDriver.o)
                0x0001ee80                SDCardDriver_DiskInitialize
 .text.SDCardDriver_DiskRead
                0x0001ef74      0x178 ./../Platform/MiscDrivers/debug/libMiscDrivers_efm32_debug.a(SDCardDriver.o)
                0x0001ef74                SDCardDriver_DiskRead
 .text.SDCardDriver_DiskWrite
                0x0001f0ec      0x1d4 ./../Platform/MiscDrivers/debug/libMiscDrivers_efm32_debug.a(SDCardDriver.o)
                0x0001f0ec                SDCardDriver_DiskWrite
 .text.get_fattime
                0x0001f2c0       0x14 ./../Platform/MiscDrivers/debug/libMiscDrivers_efm32_debug.a(SDCardDriver.o)
                0x0001f2c0                get_fattime
 .text.SDCardDriver_GetDiskStatus
                0x0001f2d4       0x38 ./../Platform/MiscDrivers/debug/libMiscDrivers_efm32_debug.a(SDCardDriver.o)
                0x0001f2d4                SDCardDriver_GetDiskStatus
 .text.SDCardDriver_DiskIoctl
                0x0001f30c      0x38c ./../Platform/MiscDrivers/debug/libMiscDrivers_efm32_debug.a(SDCardDriver.o)
                0x0001f30c                SDCardDriver_DiskIoctl
 .text.Retcode_getPackage
                0x0001f698       0x1c ./../Platform/Sensors/debug/libSensors_efm32_debug.a(Environmental.o)
 .text.bme280LibErrorMapping
                0x0001f6b4       0x48 ./../Platform/Sensors/debug/libSensors_efm32_debug.a(Environmental.o)
 .text.Environmental_init
                0x0001f6fc       0xa4 ./../Platform/Sensors/debug/libSensors_efm32_debug.a(Environmental.o)
                0x0001f6fc                Environmental_init
 .text.Environmental_readData
                0x0001f7a0       0xe0 ./../Platform/Sensors/debug/libSensors_efm32_debug.a(Environmental.o)
                0x0001f7a0                Environmental_readData
 .text.Retcode_getPackage
                0x0001f880       0x1c ./../Platform/Sensors/debug/libSensors_efm32_debug.a(Gyroscope.o)
 .text.bmg160LibErrorMapping
                0x0001f89c       0x48 ./../Platform/Sensors/debug/libSensors_efm32_debug.a(Gyroscope.o)
 .text.BMI160_libErrorMapping
                0x0001f8e4       0x48 ./../Platform/Sensors/debug/libSensors_efm32_debug.a(Gyroscope.o)
 .text.Gyroscope_init
                0x0001f92c       0xd0 ./../Platform/Sensors/debug/libSensors_efm32_debug.a(Gyroscope.o)
                0x0001f92c                Gyroscope_init
 .text.Gyroscope_readXyzDegreeValue
                0x0001f9fc      0x4dc ./../Platform/Sensors/debug/libSensors_efm32_debug.a(Gyroscope.o)
                0x0001f9fc                Gyroscope_readXyzDegreeValue
 .text.Retcode_getPackage
                0x0001fed8       0x1c ./../Platform/Sensors/debug/libSensors_efm32_debug.a(Accelerometer.o)
 .text.bma2x2LibErrorMapping
                0x0001fef4       0x48 ./../Platform/Sensors/debug/libSensors_efm32_debug.a(Accelerometer.o)
 .text.bmi160LibErrorMapping
                0x0001ff3c       0x48 ./../Platform/Sensors/debug/libSensors_efm32_debug.a(Accelerometer.o)
 .text.Accelerometer_init
                0x0001ff84       0xd0 ./../Platform/Sensors/debug/libSensors_efm32_debug.a(Accelerometer.o)
                0x0001ff84                Accelerometer_init
 .text.Accelerometer_readXyzGValue
                0x00020054      0x3a8 ./../Platform/Sensors/debug/libSensors_efm32_debug.a(Accelerometer.o)
                0x00020054                Accelerometer_readXyzGValue
 .text.Retcode_getPackage
                0x000203fc       0x1c ./../Platform/Sensors/debug/libSensors_efm32_debug.a(LightSensor.o)
 .text.LightSensor_init
                0x00020418       0xa4 ./../Platform/Sensors/debug/libSensors_efm32_debug.a(LightSensor.o)
                0x00020418                LightSensor_init
 .text.LightSensor_setManualMode
                0x000204bc       0xbc ./../Platform/Sensors/debug/libSensors_efm32_debug.a(LightSensor.o)
                0x000204bc                LightSensor_setManualMode
 .text.LightSensor_readLuxData
                0x00020578       0xb8 ./../Platform/Sensors/debug/libSensors_efm32_debug.a(LightSensor.o)
                0x00020578                LightSensor_readLuxData
 .text.Retcode_getPackage
                0x00020630       0x1c ./../Platform/Sensors/debug/libSensors_efm32_debug.a(Magnetometer.o)
 .text.bmm150LibErrorMapping
                0x0002064c       0x48 ./../Platform/Sensors/debug/libSensors_efm32_debug.a(Magnetometer.o)
 .text.readMagData
                0x00020694       0x80 ./../Platform/Sensors/debug/libSensors_efm32_debug.a(Magnetometer.o)
 .text.Magnetometer_init
                0x00020714       0xa4 ./../Platform/Sensors/debug/libSensors_efm32_debug.a(Magnetometer.o)
                0x00020714                Magnetometer_init
 .text.Magnetometer_setPowerMode
                0x000207b8       0xd8 ./../Platform/Sensors/debug/libSensors_efm32_debug.a(Magnetometer.o)
                0x000207b8                Magnetometer_setPowerMode
 .text.Magnetometer_readXyzTeslaData
                0x00020890      0x124 ./../Platform/Sensors/debug/libSensors_efm32_debug.a(Magnetometer.o)
                0x00020890                Magnetometer_readXyzTeslaData
 .text.Retcode_getPackage
                0x000209b4       0x1c ./../Platform/SensorUtils/debug/libSensorUtils_efm32_debug.a(Bma280Utils.o)
 .text.GPIO_PinOutSet
                0x000209d0       0x4c ./../Platform/SensorUtils/debug/libSensorUtils_efm32_debug.a(Bma280Utils.o)
 .text.libErrorMapping
                0x00020a1c       0x48 ./../Platform/SensorUtils/debug/libSensorUtils_efm32_debug.a(Bma280Utils.o)
 .text.Bma280Utils_initialize
                0x00020a64      0x27c ./../Platform/SensorUtils/debug/libSensorUtils_efm32_debug.a(Bma280Utils.o)
                0x00020a64                Bma280Utils_initialize
 .text.Bma280Utils_remapAxis
                0x00020ce0       0xb0 ./../Platform/SensorUtils/debug/libSensorUtils_efm32_debug.a(Bma280Utils.o)
                0x00020ce0                Bma280Utils_remapAxis
 .text.AxisRemap_remapSensorData
                0x00020d90      0x184 ./../Platform/SensorUtils/debug/libSensorUtils_efm32_debug.a(AxisRemap.o)
                0x00020d90                AxisRemap_remapSensorData
 .text.Retcode_getPackage
                0x00020f14       0x1c ./../Platform/SensorUtils/debug/libSensorUtils_efm32_debug.a(Bmi160Utils.o)
 .text.GPIO_PinOutSet
                0x00020f30       0x4c ./../Platform/SensorUtils/debug/libSensorUtils_efm32_debug.a(Bmi160Utils.o)
 .text.libErrorMapping
                0x00020f7c       0x48 ./../Platform/SensorUtils/debug/libSensorUtils_efm32_debug.a(Bmi160Utils.o)
 .text.Bmi160Utils_initialize
                0x00020fc4      0x294 ./../Platform/SensorUtils/debug/libSensorUtils_efm32_debug.a(Bmi160Utils.o)
                0x00020fc4                Bmi160Utils_initialize
 .text.Bmi160Utils_remapAxis
                0x00021258       0xb0 ./../Platform/SensorUtils/debug/libSensorUtils_efm32_debug.a(Bmi160Utils.o)
                0x00021258                Bmi160Utils_remapAxis
 .text.Retcode_getPackage
                0x00021308       0x1c ./../Platform/SensorUtils/debug/libSensorUtils_efm32_debug.a(Bmg160Utils.o)
 .text.GPIO_PinOutSet
                0x00021324       0x4c ./../Platform/SensorUtils/debug/libSensorUtils_efm32_debug.a(Bmg160Utils.o)
 .text.libErrorMapping
                0x00021370       0x48 ./../Platform/SensorUtils/debug/libSensorUtils_efm32_debug.a(Bmg160Utils.o)
 .text.Bmg160Utils_initialize
                0x000213b8      0x25c ./../Platform/SensorUtils/debug/libSensorUtils_efm32_debug.a(Bmg160Utils.o)
                0x000213b8                Bmg160Utils_initialize
 .text.Bmg160Utils_remapAxis
                0x00021614       0xb0 ./../Platform/SensorUtils/debug/libSensorUtils_efm32_debug.a(Bmg160Utils.o)
                0x00021614                Bmg160Utils_remapAxis
 .text.Retcode_getPackage
                0x000216c4       0x1c ./../Platform/SensorUtils/debug/libSensorUtils_efm32_debug.a(Bme280Utils.o)
 .text.GPIO_PinOutSet
                0x000216e0       0x4c ./../Platform/SensorUtils/debug/libSensorUtils_efm32_debug.a(Bme280Utils.o)
 .text.libErrorMapping
                0x0002172c       0x48 ./../Platform/SensorUtils/debug/libSensorUtils_efm32_debug.a(Bme280Utils.o)
 .text.Bme280Utils_initialize
                0x00021774      0x20c ./../Platform/SensorUtils/debug/libSensorUtils_efm32_debug.a(Bme280Utils.o)
                0x00021774                Bme280Utils_initialize
 .text.Retcode_getPackage
                0x00021980       0x1c ./../Platform/SensorUtils/debug/libSensorUtils_efm32_debug.a(Bmm150Utils.o)
 .text.GPIO_PinOutSet
                0x0002199c       0x4c ./../Platform/SensorUtils/debug/libSensorUtils_efm32_debug.a(Bmm150Utils.o)
 .text.libErrorMapping
                0x000219e8       0x48 ./../Platform/SensorUtils/debug/libSensorUtils_efm32_debug.a(Bmm150Utils.o)
 .text.Bmm150Utils_initialize
                0x00021a30      0x1bc ./../Platform/SensorUtils/debug/libSensorUtils_efm32_debug.a(Bmm150Utils.o)
                0x00021a30                Bmm150Utils_initialize
 .text.Bmm150Utils_remapAxis
                0x00021bec       0xb0 ./../Platform/SensorUtils/debug/libSensorUtils_efm32_debug.a(Bmm150Utils.o)
                0x00021bec                Bmm150Utils_remapAxis
 .text.Retcode_getPackage
                0x00021c9c       0x1c ./../Platform/SensorUtils/debug/libSensorUtils_efm32_debug.a(Max44009Utils.o)
 .text.GPIO_PinOutSet
                0x00021cb8       0x4c ./../Platform/SensorUtils/debug/libSensorUtils_efm32_debug.a(Max44009Utils.o)
 .text.libErrorMapping
                0x00021d04       0x40 ./../Platform/SensorUtils/debug/libSensorUtils_efm32_debug.a(Max44009Utils.o)
 .text.Max44009Utils_initialize
                0x00021d44      0x238 ./../Platform/SensorUtils/debug/libSensorUtils_efm32_debug.a(Max44009Utils.o)
                0x00021d44                Max44009Utils_initialize
 .text.xQueueGenericReset
                0x00021f7c       0xc8 ./../Libraries/FreeRTOS/FreeRTOS/../BCDS_Customization/debug/libFreeRTOS_efm32_debug.a(queue.o)
                0x00021f7c                xQueueGenericReset
 .text.xQueueGenericCreate
                0x00022044       0x90 ./../Libraries/FreeRTOS/FreeRTOS/../BCDS_Customization/debug/libFreeRTOS_efm32_debug.a(queue.o)
                0x00022044                xQueueGenericCreate
 .text.xQueueCreateMutex
                0x000220d4       0xb0 ./../Libraries/FreeRTOS/FreeRTOS/../BCDS_Customization/debug/libFreeRTOS_efm32_debug.a(queue.o)
                0x000220d4                xQueueCreateMutex
 .text.xQueueGenericSend
                0x00022184      0x19c ./../Libraries/FreeRTOS/FreeRTOS/../BCDS_Customization/debug/libFreeRTOS_efm32_debug.a(queue.o)
                0x00022184                xQueueGenericSend
 .text.xQueueGenericSendFromISR
                0x00022320       0xec ./../Libraries/FreeRTOS/FreeRTOS/../BCDS_Customization/debug/libFreeRTOS_efm32_debug.a(queue.o)
                0x00022320                xQueueGenericSendFromISR
 .text.xQueueGenericReceive
                0x0002240c      0x1e0 ./../Libraries/FreeRTOS/FreeRTOS/../BCDS_Customization/debug/libFreeRTOS_efm32_debug.a(queue.o)
                0x0002240c                xQueueGenericReceive
 .text.xQueueReceiveFromISR
                0x000225ec       0xcc ./../Libraries/FreeRTOS/FreeRTOS/../BCDS_Customization/debug/libFreeRTOS_efm32_debug.a(queue.o)
                0x000225ec                xQueueReceiveFromISR
 .text.vQueueDelete
                0x000226b8       0x48 ./../Libraries/FreeRTOS/FreeRTOS/../BCDS_Customization/debug/libFreeRTOS_efm32_debug.a(queue.o)
                0x000226b8                vQueueDelete
 .text.prvCopyDataToQueue
                0x00022700       0xdc ./../Libraries/FreeRTOS/FreeRTOS/../BCDS_Customization/debug/libFreeRTOS_efm32_debug.a(queue.o)
 .text.prvCopyDataFromQueue
                0x000227dc       0x50 ./../Libraries/FreeRTOS/FreeRTOS/../BCDS_Customization/debug/libFreeRTOS_efm32_debug.a(queue.o)
 .text.prvUnlockQueue
                0x0002282c       0xa0 ./../Libraries/FreeRTOS/FreeRTOS/../BCDS_Customization/debug/libFreeRTOS_efm32_debug.a(queue.o)
 .text.prvIsQueueEmpty
                0x000228cc       0x34 ./../Libraries/FreeRTOS/FreeRTOS/../BCDS_Customization/debug/libFreeRTOS_efm32_debug.a(queue.o)
 .text.prvIsQueueFull
                0x00022900       0x38 ./../Libraries/FreeRTOS/FreeRTOS/../BCDS_Customization/debug/libFreeRTOS_efm32_debug.a(queue.o)
 .text.vQueueAddToRegistry
                0x00022938       0x64 ./../Libraries/FreeRTOS/FreeRTOS/../BCDS_Customization/debug/libFreeRTOS_efm32_debug.a(queue.o)
                0x00022938                vQueueAddToRegistry
 .text.vQueueUnregisterQueue
                0x0002299c       0x54 ./../Libraries/FreeRTOS/FreeRTOS/../BCDS_Customization/debug/libFreeRTOS_efm32_debug.a(queue.o)
                0x0002299c                vQueueUnregisterQueue
 .text.vQueueWaitForMessageRestricted
                0x000229f0       0x60 ./../Libraries/FreeRTOS/FreeRTOS/../BCDS_Customization/debug/libFreeRTOS_efm32_debug.a(queue.o)
                0x000229f0                vQueueWaitForMessageRestricted
 .text.xTaskGenericCreate
                0x00022a50      0x1d0 ./../Libraries/FreeRTOS/FreeRTOS/../BCDS_Customization/debug/libFreeRTOS_efm32_debug.a(tasks.o)
                0x00022a50                xTaskGenericCreate
 .text.vTaskDelay
                0x00022c20       0x78 ./../Libraries/FreeRTOS/FreeRTOS/../BCDS_Customization/debug/libFreeRTOS_efm32_debug.a(tasks.o)
                0x00022c20                vTaskDelay
 .text.vTaskSuspend
                0x00022c98       0xec ./../Libraries/FreeRTOS/FreeRTOS/../BCDS_Customization/debug/libFreeRTOS_efm32_debug.a(tasks.o)
                0x00022c98                vTaskSuspend
 .text.prvTaskIsTaskSuspended
                0x00022d84       0x80 ./../Libraries/FreeRTOS/FreeRTOS/../BCDS_Customization/debug/libFreeRTOS_efm32_debug.a(tasks.o)
 .text.vTaskResume
                0x00022e04       0xc0 ./../Libraries/FreeRTOS/FreeRTOS/../BCDS_Customization/debug/libFreeRTOS_efm32_debug.a(tasks.o)
                0x00022e04                vTaskResume
 .text.vTaskStartScheduler
                0x00022ec4       0x94 ./../Libraries/FreeRTOS/FreeRTOS/../BCDS_Customization/debug/libFreeRTOS_efm32_debug.a(tasks.o)
                0x00022ec4                vTaskStartScheduler
 .text.vTaskSuspendAll
                0x00022f58       0x24 ./../Libraries/FreeRTOS/FreeRTOS/../BCDS_Customization/debug/libFreeRTOS_efm32_debug.a(tasks.o)
                0x00022f58                vTaskSuspendAll
 .text.xTaskResumeAll
                0x00022f7c      0x17c ./../Libraries/FreeRTOS/FreeRTOS/../BCDS_Customization/debug/libFreeRTOS_efm32_debug.a(tasks.o)
                0x00022f7c                xTaskResumeAll
 .text.xTaskGetTickCount
                0x000230f8       0x28 ./../Libraries/FreeRTOS/FreeRTOS/../BCDS_Customization/debug/libFreeRTOS_efm32_debug.a(tasks.o)
                0x000230f8                xTaskGetTickCount
 .text.xTaskIncrementTick
                0x00023120      0x208 ./../Libraries/FreeRTOS/FreeRTOS/../BCDS_Customization/debug/libFreeRTOS_efm32_debug.a(tasks.o)
                0x00023120                xTaskIncrementTick
 .text.vTaskSwitchContext
                0x00023328      0x16c ./../Libraries/FreeRTOS/FreeRTOS/../BCDS_Customization/debug/libFreeRTOS_efm32_debug.a(tasks.o)
                0x00023328                vTaskSwitchContext
 .text.vTaskPlaceOnEventList
                0x00023494       0x90 ./../Libraries/FreeRTOS/FreeRTOS/../BCDS_Customization/debug/libFreeRTOS_efm32_debug.a(tasks.o)
                0x00023494                vTaskPlaceOnEventList
 .text.vTaskPlaceOnEventListRestricted
                0x00023524       0x68 ./../Libraries/FreeRTOS/FreeRTOS/../BCDS_Customization/debug/libFreeRTOS_efm32_debug.a(tasks.o)
                0x00023524                vTaskPlaceOnEventListRestricted
 .text.xTaskRemoveFromEventList
                0x0002358c       0xe8 ./../Libraries/FreeRTOS/FreeRTOS/../BCDS_Customization/debug/libFreeRTOS_efm32_debug.a(tasks.o)
                0x0002358c                xTaskRemoveFromEventList
 .text.vTaskSetTimeOutState
                0x00023674       0x44 ./../Libraries/FreeRTOS/FreeRTOS/../BCDS_Customization/debug/libFreeRTOS_efm32_debug.a(tasks.o)
                0x00023674                vTaskSetTimeOutState
 .text.xTaskCheckForTimeOut
                0x000236b8       0xc4 ./../Libraries/FreeRTOS/FreeRTOS/../BCDS_Customization/debug/libFreeRTOS_efm32_debug.a(tasks.o)
                0x000236b8                xTaskCheckForTimeOut
 .text.vTaskMissedYield
                0x0002377c       0x18 ./../Libraries/FreeRTOS/FreeRTOS/../BCDS_Customization/debug/libFreeRTOS_efm32_debug.a(tasks.o)
                0x0002377c                vTaskMissedYield
 .text.prvIdleTask
                0x00023794       0x10 ./../Libraries/FreeRTOS/FreeRTOS/../BCDS_Customization/debug/libFreeRTOS_efm32_debug.a(tasks.o)
 .text.prvInitialiseTCBVariables
                0x000237a4       0xa0 ./../Libraries/FreeRTOS/FreeRTOS/../BCDS_Customization/debug/libFreeRTOS_efm32_debug.a(tasks.o)
 .text.prvInitialiseTaskLists
                0x00023844       0xa4 ./../Libraries/FreeRTOS/FreeRTOS/../BCDS_Customization/debug/libFreeRTOS_efm32_debug.a(tasks.o)
 .text.prvCheckTasksWaitingTermination
                0x000238e8       0x9c ./../Libraries/FreeRTOS/FreeRTOS/../BCDS_Customization/debug/libFreeRTOS_efm32_debug.a(tasks.o)
 .text.prvAddCurrentTaskToDelayedList
                0x00023984       0x8c ./../Libraries/FreeRTOS/FreeRTOS/../BCDS_Customization/debug/libFreeRTOS_efm32_debug.a(tasks.o)
 .text.prvAllocateTCBAndStack
                0x00023a10       0x70 ./../Libraries/FreeRTOS/FreeRTOS/../BCDS_Customization/debug/libFreeRTOS_efm32_debug.a(tasks.o)
 .text.prvDeleteTCB
                0x00023a80       0x20 ./../Libraries/FreeRTOS/FreeRTOS/../BCDS_Customization/debug/libFreeRTOS_efm32_debug.a(tasks.o)
 .text.prvResetNextTaskUnblockTime
                0x00023aa0       0x5c ./../Libraries/FreeRTOS/FreeRTOS/../BCDS_Customization/debug/libFreeRTOS_efm32_debug.a(tasks.o)
 .text.xTaskGetCurrentTaskHandle
                0x00023afc       0x20 ./../Libraries/FreeRTOS/FreeRTOS/../BCDS_Customization/debug/libFreeRTOS_efm32_debug.a(tasks.o)
                0x00023afc                xTaskGetCurrentTaskHandle
 .text.xTaskGetSchedulerState
                0x00023b1c       0x48 ./../Libraries/FreeRTOS/FreeRTOS/../BCDS_Customization/debug/libFreeRTOS_efm32_debug.a(tasks.o)
                0x00023b1c                xTaskGetSchedulerState
 .text.vTaskPriorityInherit
                0x00023b64       0xf0 ./../Libraries/FreeRTOS/FreeRTOS/../BCDS_Customization/debug/libFreeRTOS_efm32_debug.a(tasks.o)
                0x00023b64                vTaskPriorityInherit
 .text.vTaskPriorityDisinherit
                0x00023c54       0x98 ./../Libraries/FreeRTOS/FreeRTOS/../BCDS_Customization/debug/libFreeRTOS_efm32_debug.a(tasks.o)
                0x00023c54                vTaskPriorityDisinherit
 .text.xTimerCreateTimerTask
                0x00023cec       0x78 ./../Libraries/FreeRTOS/FreeRTOS/../BCDS_Customization/debug/libFreeRTOS_efm32_debug.a(timers.o)
                0x00023cec                xTimerCreateTimerTask
 .text.xTimerCreate
                0x00023d64       0x7c ./../Libraries/FreeRTOS/FreeRTOS/../BCDS_Customization/debug/libFreeRTOS_efm32_debug.a(timers.o)
                0x00023d64                xTimerCreate
 .text.xTimerGenericCommand
                0x00023de0       0xac ./../Libraries/FreeRTOS/FreeRTOS/../BCDS_Customization/debug/libFreeRTOS_efm32_debug.a(timers.o)
                0x00023de0                xTimerGenericCommand
 .text.prvProcessExpiredTimer
                0x00023e8c       0x88 ./../Libraries/FreeRTOS/FreeRTOS/../BCDS_Customization/debug/libFreeRTOS_efm32_debug.a(timers.o)
 .text.prvTimerTask
                0x00023f14       0x24 ./../Libraries/FreeRTOS/FreeRTOS/../BCDS_Customization/debug/libFreeRTOS_efm32_debug.a(timers.o)
 .text.prvProcessTimerOrBlockTask
                0x00023f38       0x74 ./../Libraries/FreeRTOS/FreeRTOS/../BCDS_Customization/debug/libFreeRTOS_efm32_debug.a(timers.o)
 .text.prvGetNextExpireTime
                0x00023fac       0x54 ./../Libraries/FreeRTOS/FreeRTOS/../BCDS_Customization/debug/libFreeRTOS_efm32_debug.a(timers.o)
 .text.prvSampleTimeNow
                0x00024000       0x4c ./../Libraries/FreeRTOS/FreeRTOS/../BCDS_Customization/debug/libFreeRTOS_efm32_debug.a(timers.o)
 .text.prvInsertTimerInActiveList
                0x0002404c       0x94 ./../Libraries/FreeRTOS/FreeRTOS/../BCDS_Customization/debug/libFreeRTOS_efm32_debug.a(timers.o)
 .text.prvProcessReceivedCommands
                0x000240e0      0x174 ./../Libraries/FreeRTOS/FreeRTOS/../BCDS_Customization/debug/libFreeRTOS_efm32_debug.a(timers.o)
 .text.prvSwitchTimerLists
                0x00024254       0xf0 ./../Libraries/FreeRTOS/FreeRTOS/../BCDS_Customization/debug/libFreeRTOS_efm32_debug.a(timers.o)
 .text.prvCheckForValidListAndQueue
                0x00024344       0xb8 ./../Libraries/FreeRTOS/FreeRTOS/../BCDS_Customization/debug/libFreeRTOS_efm32_debug.a(timers.o)
 .text.xTimerPendFunctionCallFromISR
                0x000243fc       0x4c ./../Libraries/FreeRTOS/FreeRTOS/../BCDS_Customization/debug/libFreeRTOS_efm32_debug.a(timers.o)
                0x000243fc                xTimerPendFunctionCallFromISR
 .text.pvPortMalloc
                0x00024448      0x188 ./../Libraries/FreeRTOS/FreeRTOS/../BCDS_Customization/debug/libFreeRTOS_efm32_debug.a(heap_4.o)
                0x00024448                pvPortMalloc
 .text.vPortFree
                0x000245d0       0xcc ./../Libraries/FreeRTOS/FreeRTOS/../BCDS_Customization/debug/libFreeRTOS_efm32_debug.a(heap_4.o)
                0x000245d0                vPortFree
 .text.prvHeapInit
                0x0002469c      0x100 ./../Libraries/FreeRTOS/FreeRTOS/../BCDS_Customization/debug/libFreeRTOS_efm32_debug.a(heap_4.o)
 .text.prvInsertBlockIntoFreeList
                0x0002479c       0xbc ./../Libraries/FreeRTOS/FreeRTOS/../BCDS_Customization/debug/libFreeRTOS_efm32_debug.a(heap_4.o)
 .text.pxPortInitialiseStack
                0x00024858       0x64 ./../Libraries/FreeRTOS/FreeRTOS/../BCDS_Customization/debug/libFreeRTOS_efm32_debug.a(port.o)
                0x00024858                pxPortInitialiseStack
 .text.prvTaskExitError
                0x000248bc       0x2c ./../Libraries/FreeRTOS/FreeRTOS/../BCDS_Customization/debug/libFreeRTOS_efm32_debug.a(port.o)
 .text.SVC_Handler
                0x000248e8       0x24 ./../Libraries/FreeRTOS/FreeRTOS/../BCDS_Customization/debug/libFreeRTOS_efm32_debug.a(port.o)
                0x000248e8                SVC_Handler
 .text.prvPortStartFirstTask
                0x0002490c       0x1c ./../Libraries/FreeRTOS/FreeRTOS/../BCDS_Customization/debug/libFreeRTOS_efm32_debug.a(port.o)
 .text.xPortStartScheduler
                0x00024928      0x10c ./../Libraries/FreeRTOS/FreeRTOS/../BCDS_Customization/debug/libFreeRTOS_efm32_debug.a(port.o)
                0x00024928                xPortStartScheduler
 .text.vPortYield
                0x00024a34       0x20 ./../Libraries/FreeRTOS/FreeRTOS/../BCDS_Customization/debug/libFreeRTOS_efm32_debug.a(port.o)
                0x00024a34                vPortYield
 .text.vPortEnterCritical
                0x00024a54       0x2c ./../Libraries/FreeRTOS/FreeRTOS/../BCDS_Customization/debug/libFreeRTOS_efm32_debug.a(port.o)
                0x00024a54                vPortEnterCritical
 .text.vPortExitCritical
                0x00024a80       0x54 ./../Libraries/FreeRTOS/FreeRTOS/../BCDS_Customization/debug/libFreeRTOS_efm32_debug.a(port.o)
                0x00024a80                vPortExitCritical
 .text.ulPortSetInterruptMask
                0x00024ad4       0x14 ./../Libraries/FreeRTOS/FreeRTOS/../BCDS_Customization/debug/libFreeRTOS_efm32_debug.a(port.o)
                0x00024ad4                ulPortSetInterruptMask
 .text.vPortClearInterruptMask
                0x00024ae8        0x8 ./../Libraries/FreeRTOS/FreeRTOS/../BCDS_Customization/debug/libFreeRTOS_efm32_debug.a(port.o)
                0x00024ae8                vPortClearInterruptMask
 .text.PendSV_Handler
                0x00024af0       0x44 ./../Libraries/FreeRTOS/FreeRTOS/../BCDS_Customization/debug/libFreeRTOS_efm32_debug.a(port.o)
                0x00024af0                PendSV_Handler
 .text.vPortValidateInterruptPriority
                0x00024b34       0x78 ./../Libraries/FreeRTOS/FreeRTOS/../BCDS_Customization/debug/libFreeRTOS_efm32_debug.a(port.o)
                0x00024b34                vPortValidateInterruptPriority
 .text.vListInitialise
                0x00024bac       0x40 ./../Libraries/FreeRTOS/FreeRTOS/../BCDS_Customization/debug/libFreeRTOS_efm32_debug.a(list.o)
                0x00024bac                vListInitialise
 .text.vListInitialiseItem
                0x00024bec       0x1c ./../Libraries/FreeRTOS/FreeRTOS/../BCDS_Customization/debug/libFreeRTOS_efm32_debug.a(list.o)
                0x00024bec                vListInitialiseItem
 .text.vListInsertEnd
                0x00024c08       0x48 ./../Libraries/FreeRTOS/FreeRTOS/../BCDS_Customization/debug/libFreeRTOS_efm32_debug.a(list.o)
                0x00024c08                vListInsertEnd
 .text.vListInsert
                0x00024c50       0x74 ./../Libraries/FreeRTOS/FreeRTOS/../BCDS_Customization/debug/libFreeRTOS_efm32_debug.a(list.o)
                0x00024c50                vListInsert
 .text.uxListRemove
                0x00024cc4       0x58 ./../Libraries/FreeRTOS/FreeRTOS/../BCDS_Customization/debug/libFreeRTOS_efm32_debug.a(list.o)
                0x00024cc4                uxListRemove
 .text.I2C_init
                0x00024d1c      0x100 ./../Platform/Peripherals/debug/libPeripherals_efm32_debug.a(I2C_cc.o)
                0x00024d1c                I2C_init
 .text.I2C_delayFunction
                0x00024e1c       0x54 ./../Platform/Peripherals/debug/libPeripherals_efm32_debug.a(I2C_cc.o)
                0x00024e1c                I2C_delayFunction
 .text.I2C_i2cDecodeCallbackFunction
                0x00024e70      0x1b8 ./../Platform/Peripherals/debug/libPeripherals_efm32_debug.a(I2C_cc.o)
                0x00024e70                I2C_i2cDecodeCallbackFunction
 .text.I2C_busWriteChannel0
                0x00025028       0xcc ./../Platform/Peripherals/debug/libPeripherals_efm32_debug.a(I2C_cc.o)
                0x00025028                I2C_busWriteChannel0
 .text.I2C_busWriteChannel1
                0x000250f4       0xcc ./../Platform/Peripherals/debug/libPeripherals_efm32_debug.a(I2C_cc.o)
                0x000250f4                I2C_busWriteChannel1
 .text.I2C_busReadChannel0
                0x000251c0      0x100 ./../Platform/Peripherals/debug/libPeripherals_efm32_debug.a(I2C_cc.o)
                0x000251c0                I2C_busReadChannel0
 .text.I2C_busReadChannel1
                0x000252c0      0x100 ./../Platform/Peripherals/debug/libPeripherals_efm32_debug.a(I2C_cc.o)
                0x000252c0                I2C_busReadChannel1
 .text.SID_init
                0x000253c0       0xc4 ./../Platform/Peripherals/debug/libPeripherals_efm32_debug.a(SID_serialDriverInf_cc.o)
                0x000253c0                SID_init
 .text.SID_send
                0x00025484       0x9c ./../Platform/Peripherals/debug/libPeripherals_efm32_debug.a(SID_serialDriverInf_cc.o)
                0x00025484                SID_send
 .text.NVIC_EnableIRQ
                0x00025520       0x38 ./../Platform/Peripherals/debug/libPeripherals_efm32_debug.a(I2C_efm32Driver_cc.o)
 .text.NVIC_ClearPendingIRQ
                0x00025558       0x3c ./../Platform/Peripherals/debug/libPeripherals_efm32_debug.a(I2C_efm32Driver_cc.o)
 .text.I2C_initCtrSpecific
                0x00025594      0x114 ./../Platform/Peripherals/debug/libPeripherals_efm32_debug.a(I2C_efm32Driver_cc.o)
                0x00025594                I2C_initCtrSpecific
 .text.I2C_startTransfer
                0x000256a8       0xac ./../Platform/Peripherals/debug/libPeripherals_efm32_debug.a(I2C_efm32Driver_cc.o)
                0x000256a8                I2C_startTransfer
 .text.I2C0_IRQHandler
                0x00025754      0x3b4 ./../Platform/Peripherals/debug/libPeripherals_efm32_debug.a(I2C_efm32Driver_cc.o)
                0x00025754                I2C0_IRQHandler
 .text.I2C1_IRQHandler
                0x00025b08      0x3b4 ./../Platform/Peripherals/debug/libPeripherals_efm32_debug.a(I2C_efm32Driver_cc.o)
                0x00025b08                I2C1_IRQHandler
 .text.I2C_triggerTransfer
                0x00025ebc       0xc4 ./../Platform/Peripherals/debug/libPeripherals_efm32_debug.a(I2C_efm32Driver_cc.o)
                0x00025ebc                I2C_triggerTransfer
 .text.I2C_triggerNextI2CTransfer
                0x00025f80      0x138 ./../Platform/Peripherals/debug/libPeripherals_efm32_debug.a(I2C_efm32Driver_cc.o)
                0x00025f80                I2C_triggerNextI2CTransfer
 .text.I2C_isTransferCompleted
                0x000260b8       0x34 ./../Platform/Peripherals/debug/libPeripherals_efm32_debug.a(I2C_efm32Driver_cc.o)
                0x000260b8                I2C_isTransferCompleted
 .text.I2C_getStatus
                0x000260ec       0x18 ./../Platform/Peripherals/debug/libPeripherals_efm32_debug.a(I2C_efm32Driver_cc.o)
                0x000260ec                I2C_getStatus
 .text.NVIC_EnableIRQ
                0x00026104       0x38 ./../Platform/Peripherals/debug/libPeripherals_efm32_debug.a(PTD_portDriver_cc.o)
 .text.NVIC_ClearPendingIRQ
                0x0002613c       0x3c ./../Platform/Peripherals/debug/libPeripherals_efm32_debug.a(PTD_portDriver_cc.o)
 .text.GPIO_IntClear
                0x00026178       0x20 ./../Platform/Peripherals/debug/libPeripherals_efm32_debug.a(PTD_portDriver_cc.o)
 .text.PTD_checkEvenPinConfigured
                0x00026198       0xd8 ./../Platform/Peripherals/debug/libPeripherals_efm32_debug.a(PTD_portDriver_cc.o)
 .text.PTD_checkOddPinConfigured
                0x00026270       0xd8 ./../Platform/Peripherals/debug/libPeripherals_efm32_debug.a(PTD_portDriver_cc.o)
 .text.PTD_portInit
                0x00026348       0x18 ./../Platform/Peripherals/debug/libPeripherals_efm32_debug.a(PTD_portDriver_cc.o)
                0x00026348                PTD_portInit
 .text.PTD_portInteruptConfig
                0x00026360       0x28 ./../Platform/Peripherals/debug/libPeripherals_efm32_debug.a(PTD_portDriver_cc.o)
                0x00026360                PTD_portInteruptConfig
 .text.PTD_setInterruptPinCount
                0x00026388       0xf0 ./../Platform/Peripherals/debug/libPeripherals_efm32_debug.a(PTD_portDriver_cc.o)
                0x00026388                PTD_setInterruptPinCount
 .text.PTD_intConfig
                0x00026478      0x220 ./../Platform/Peripherals/debug/libPeripherals_efm32_debug.a(PTD_portDriver_cc.o)
                0x00026478                PTD_intConfig
 .text.GPIO_ODD_IRQHandler
                0x00026698       0x98 ./../Platform/Peripherals/debug/libPeripherals_efm32_debug.a(PTD_portDriver_cc.o)
                0x00026698                GPIO_ODD_IRQHandler
 .text.GPIO_EVEN_IRQHandler
                0x00026730       0x98 ./../Platform/Peripherals/debug/libPeripherals_efm32_debug.a(PTD_portDriver_cc.o)
                0x00026730                GPIO_EVEN_IRQHandler
 .text.NVIC_DisableIRQ
                0x000267c8       0x3c ./../Platform/Peripherals/debug/libPeripherals_efm32_debug.a(SPI_cc.o)
 .text.getSpiSettings
                0x00026804       0x58 ./../Platform/Peripherals/debug/libPeripherals_efm32_debug.a(SPI_cc.o)
 .text.DataTransferCallback